[INFO] Scanning for projects...
[INFO] Tycho Version:  4.0.11 (105ab43686a9bd9f357ec980f9e87e46d607bd74)
[INFO] Tycho Mode:     project
[INFO] Tycho Builder:  maven
[INFO] Build Threads:  1
[INFO] ------------------------------------------------------------------------
[INFO] Reactor Build Order:
[INFO] 
[INFO] checkmarx-eclipse-plugin                                           [pom]
[INFO] com.checkmarx.eclipse.common                            [eclipse-plugin]
[INFO] com.checkmarx.eclipse.devassist                         [eclipse-plugin]
[INFO] com.checkmarx.eclipse.plugin                            [eclipse-plugin]
[INFO] com.checkmarx.eclipse.feature                          [eclipse-feature]
[INFO] com.checkmarx.eclipse.site                          [eclipse-repository]
[INFO] com.checkmarx.ast.eclipse.tests                    [eclipse-test-plugin]
[INFO] 
[INFO] ---------< com.checkmarx.ast.eclipse:checkmarx-eclipse-plugin >---------
[INFO] Building checkmarx-eclipse-plugin 1.0.0-SNAPSHOT                   [1/7]
[INFO]   from pom.xml
[INFO] --------------------------------[ pom ]---------------------------------
[INFO] 
[INFO] -------< com.checkmarx.ast.eclipse:com.checkmarx.eclipse.common >-------
[INFO] Building com.checkmarx.eclipse.common 1.0.0-SNAPSHOT               [2/7]
[INFO]   from common-lib\pom.xml
[INFO] ---------------------------[ eclipse-plugin ]---------------------------
[INFO] ### Using TychoRepositoryTransport for remote P2 access ###
[INFO]     Cache location:         C:\Users\AniketS\.m2\repository\.cache\tycho
[INFO]     Transport mode:         online
[INFO]     Http Transport type:    Java11Client
[INFO]     Update mode:            cache first
[INFO]     Minimum cache duration: 60 minutes
[INFO]       (you can configure this with -Dtycho.p2.transport.min-cache-minutes=<desired minimum cache duration>)
[INFO] Downloading from p2: https://download.eclipse.org/releases/2024-12/p2.index
[INFO] Downloaded from p2: https://download.eclipse.org/releases/2024-12/p2.index (122 bytes at 0 bytes/s)
[INFO] Adding repository https://download.eclipse.org/releases/2024-12
[INFO] Downloading from p2: https://download.eclipse.org/technology/epp/packages/2024-12/p2.index
[INFO] Downloading from p2: https://download.eclipse.org/technology/epp/packages/2024-12/202411281200/p2.index
[INFO] Downloaded from p2: https://download.eclipse.org/technology/epp/packages/2024-12/202411281200/p2.index (365 bytes at 29 KB/s)
[INFO] Downloading from p2: https://download.eclipse.org/releases/2024-12/202412041000/p2.index
[INFO] Downloaded from p2: https://download.eclipse.org/releases/2024-12/202412041000/p2.index (140 bytes at 27 KB/s)
[INFO] Downloading from p2: https://download.eclipse.org/technology/swtbot/releases/latest/p2.index
[INFO] Downloaded from p2: https://download.eclipse.org/technology/swtbot/releases/latest/p2.index (172 bytes at 41 KB/s)
[INFO] Adding repository https://download.eclipse.org/technology/swtbot/releases/latest
[INFO] Downloading from p2: https://download.eclipse.org/tools/orbit/simrel/orbit-aggregation/release/4.32.0/p2.index
[INFO] Downloaded from p2: https://download.eclipse.org/tools/orbit/simrel/orbit-aggregation/release/4.32.0/p2.index (172 bytes at 55 KB/s)
[INFO] Adding repository https://download.eclipse.org/tools/orbit/simrel/orbit-aggregation/release/4.32.0
[INFO] Downloading from p2: https://download.eclipse.org/mylyn/releases/latest/p2.index
[INFO] Downloaded from p2: https://download.eclipse.org/mylyn/releases/latest/p2.index (126 bytes at 20 KB/s)
[INFO] Adding repository https://download.eclipse.org/mylyn/releases/latest
[INFO] Downloading from p2: https://download.eclipse.org/mylyn/drops/3.26.0/v20230503-2157/p2.index
[INFO] Downloaded from p2: https://download.eclipse.org/mylyn/drops/3.26.0/v20230503-2157/p2.index (172 bytes at 23 KB/s)
[INFO] Downloading from p2: https://download.eclipse.org/releases/2024-12/p2.index
[INFO] Downloaded from p2: https://download.eclipse.org/releases/2024-12/p2.index (122 bytes at 29 KB/s)
[INFO] Downloading from p2: https://download.eclipse.org/technology/epp/packages/2024-12/p2.index
[INFO] Downloading from p2: https://download.eclipse.org/technology/epp/packages/2024-12/202411281200/p2.index
[INFO] Downloaded from p2: https://download.eclipse.org/technology/epp/packages/2024-12/202411281200/p2.index (365 bytes at 88 KB/s)
[INFO] Downloading from p2: https://download.eclipse.org/releases/2024-12/202412041000/p2.index
[INFO] Downloaded from p2: https://download.eclipse.org/releases/2024-12/202412041000/p2.index (140 bytes at 68 KB/s)
[INFO] Downloading from p2: https://download.eclipse.org/technology/swtbot/releases/latest/p2.index
[INFO] Downloaded from p2: https://download.eclipse.org/technology/swtbot/releases/latest/p2.index (172 bytes at 167 KB/s)
[INFO] Downloading from p2: https://download.eclipse.org/tools/orbit/simrel/orbit-aggregation/release/4.32.0/p2.index
[INFO] Downloaded from p2: https://download.eclipse.org/tools/orbit/simrel/orbit-aggregation/release/4.32.0/p2.index (172 bytes at 167 KB/s)
[INFO] Downloading from p2: https://download.eclipse.org/mylyn/releases/latest/p2.index
[INFO] Downloaded from p2: https://download.eclipse.org/mylyn/releases/latest/p2.index (126 bytes at 61 KB/s)
[INFO] Downloading from p2: https://download.eclipse.org/mylyn/drops/3.26.0/v20230503-2157/p2.index
[INFO] Downloaded from p2: https://download.eclipse.org/mylyn/drops/3.26.0/v20230503-2157/p2.index (172 bytes at 167 KB/s)
[INFO] 
[INFO] --- tycho-packaging:4.0.11:build-qualifier (default-build-qualifier) @ com.checkmarx.eclipse.common ---
[INFO] The project's OSGi version is 1.0.0.202608191711
[INFO] 
[INFO] --- tycho-packaging:4.0.11:validate-id (default-validate-id) @ com.checkmarx.eclipse.common ---
[INFO] 
[INFO] --- tycho-packaging:4.0.11:validate-version (default-validate-version) @ com.checkmarx.eclipse.common ---
[INFO] 
[INFO] --- target-platform-configuration:4.0.11:target-platform (default-target-platform) @ com.checkmarx.eclipse.common ---
[INFO] 
[INFO] --- tycho-compiler:4.0.11:validate-classpath (default-validate-classpath) @ com.checkmarx.eclipse.common ---
[INFO] Resolving class path of com.checkmarx.eclipse.common
[INFO] 
[INFO] --- resources:3.3.1:resources (default-resources) @ com.checkmarx.eclipse.common ---
[INFO] skip non existing resourceDirectory C:\Project\ast-eclipse-plugin\common-lib\src\main\resources
[INFO] 
[INFO] --- tycho-compiler:4.0.11:compile (default-compile) @ com.checkmarx.eclipse.common ---
[INFO] Nothing to compile - all classes are up to date
[INFO] 
[INFO] -----< com.checkmarx.ast.eclipse:com.checkmarx.eclipse.devassist >------
[INFO] Building com.checkmarx.eclipse.devassist 1.0.0-SNAPSHOT            [3/7]
[INFO]   from devassist-lib\pom.xml
[INFO] ---------------------------[ eclipse-plugin ]---------------------------
[INFO] 
[INFO] --- tycho-packaging:4.0.11:build-qualifier (default-build-qualifier) @ com.checkmarx.eclipse.devassist ---
[INFO] The project's OSGi version is 1.0.0.202608191711
[INFO] 
[INFO] --- tycho-packaging:4.0.11:validate-id (default-validate-id) @ com.checkmarx.eclipse.devassist ---
[INFO] 
[INFO] --- tycho-packaging:4.0.11:validate-version (default-validate-version) @ com.checkmarx.eclipse.devassist ---
[INFO] 
[INFO] --- target-platform-configuration:4.0.11:target-platform (default-target-platform) @ com.checkmarx.eclipse.devassist ---
[INFO] 
[INFO] --- tycho-compiler:4.0.11:validate-classpath (default-validate-classpath) @ com.checkmarx.eclipse.devassist ---
[INFO] Resolving class path of com.checkmarx.eclipse.devassist
[INFO] 
[INFO] --- resources:3.3.1:resources (default-resources) @ com.checkmarx.eclipse.devassist ---
[INFO] skip non existing resourceDirectory C:\Project\ast-eclipse-plugin\devassist-lib\src\main\resources
[INFO] 
[INFO] --- tycho-compiler:4.0.11:compile (default-compile) @ com.checkmarx.eclipse.devassist ---
[INFO] Compiling 8 source files to C:\Project\ast-eclipse-plugin\devassist-lib\target\classes using Eclipse Compiler for Java(TM) 3.40.0.v20241112-0530
The method public static List<E> of()  is wrongly tagged as containing missing types
The method public static List<E> of()  is wrongly tagged as containing missing types
[INFO] ------------------------------------------------------------------------
[INFO] Reactor Summary for checkmarx-eclipse-plugin 1.0.0-SNAPSHOT:
[INFO] 
[INFO] checkmarx-eclipse-plugin ........................... SUCCESS [  0.017 s]
[INFO] com.checkmarx.eclipse.common ....................... SUCCESS [ 20.833 s]
[INFO] com.checkmarx.eclipse.devassist .................... FAILURE [ 18.359 s]
[INFO] com.checkmarx.eclipse.plugin ....................... SKIPPED
[INFO] com.checkmarx.eclipse.feature ...................... SKIPPED
[INFO] com.checkmarx.eclipse.site ......................... SKIPPED
[INFO] com.checkmarx.ast.eclipse.tests .................... SKIPPED
[INFO] ------------------------------------------------------------------------
[INFO] BUILD FAILURE
[INFO] ------------------------------------------------------------------------
[INFO] Total time:  59.910 s
[INFO] Finished at: 2026-08-19T22:42:00+05:30
[INFO] ------------------------------------------------------------------------
[ERROR] Failed to execute goal org.eclipse.tycho:tycho-compiler-plugin:4.0.11:compile (default-compile) on project com.checkmarx.eclipse.devassist: Compilation failure: Compilation failure: 
[ERROR] C:\Project\ast-eclipse-plugin\devassist-lib\src\com\checkmarx\eclipse\devassist\ignore\IgnoreFileManager.java:[23] 
[ERROR] 	private static final ObjectMapper MAPPER = new ObjectMapper();
[ERROR] 	                     ^^^^^^^^^^^^
[ERROR] ObjectMapper cannot be resolved to a type
[ERROR] C:\Project\ast-eclipse-plugin\devassist-lib\src\com\checkmarx\eclipse\devassist\ignore\IgnoreFileManager.java:[23] 
[ERROR] 	private static final ObjectMapper MAPPER = new ObjectMapper();
[ERROR] 	                                               ^^^^^^^^^^^^
[ERROR] ObjectMapper cannot be resolved to a type
[ERROR] C:\Project\ast-eclipse-plugin\devassist-lib\src\com\checkmarx\eclipse\devassist\ignore\IgnoreFileManager.java:[24] 
[ERROR] 	public static final Topic<IgnoreListener> IGNORE_TOPIC = new Topic<>("IGNORE_LIST_UPDATED", IgnoreListener.class);
[ERROR] 	                    ^^^^^
[ERROR] Topic cannot be resolved to a type
[ERROR] C:\Project\ast-eclipse-plugin\devassist-lib\src\com\checkmarx\eclipse\devassist\ignore\IgnoreFileManager.java:[24] 
[ERROR] 	public static final Topic<IgnoreListener> IGNORE_TOPIC = new Topic<>("IGNORE_LIST_UPDATED", IgnoreListener.class);
[ERROR] 	                                                             ^^^^^
[ERROR] Topic cannot be resolved to a type
[ERROR] C:\Project\ast-eclipse-plugin\devassist-lib\src\com\checkmarx\eclipse\devassist\ignore\IgnoreFileManager.java:[30] 
[ERROR] 	public static IgnoreFileManager getInstance(Project project) {
[ERROR] 	                                            ^^^^^^^
[ERROR] Project cannot be resolved to a type
[ERROR] C:\Project\ast-eclipse-plugin\devassist-lib\src\com\checkmarx\eclipse\devassist\ignore\IgnoreFileManager.java:[34] 
[ERROR] 	public IgnoreFileManager(Project project) {
[ERROR] 	                         ^^^^^^^
[ERROR] Project cannot be resolved to a type
[ERROR] C:\Project\ast-eclipse-plugin\devassist-lib\src\com\checkmarx\eclipse\devassist\ignore\IgnoreFileManager.java:[35] 
[ERROR] 	this.project = project;
[ERROR] 	     ^^^^^^^
[ERROR] project cannot be resolved or is not a field
[ERROR] C:\Project\ast-eclipse-plugin\devassist-lib\src\com\checkmarx\eclipse\devassist\ignore\IgnoreFileManager.java:[73] 
[ERROR] 	LOGGER.warn("Failed to ensure ignore file exists", e);
[ERROR] 	^^^^^^
[ERROR] LOGGER cannot be resolved
[ERROR] C:\Project\ast-eclipse-plugin\devassist-lib\src\com\checkmarx\eclipse\devassist\ignore\IgnoreFileManager.java:[80] 
[ERROR] 	LOGGER.info(String.format("RTS-Ignore: Ignore file doesn't exist: %s", ignoreFile));
[ERROR] 	^^^^^^
[ERROR] LOGGER cannot be resolved
[ERROR] C:\Project\ast-eclipse-plugin\devassist-lib\src\com\checkmarx\eclipse\devassist\ignore\IgnoreFileManager.java:[85] 
[ERROR] 	ObjectMapper mapper = new ObjectMapper();
[ERROR] 	^^^^^^^^^^^^
[ERROR] ObjectMapper cannot be resolved to a type
[ERROR] C:\Project\ast-eclipse-plugin\devassist-lib\src\com\checkmarx\eclipse\devassist\ignore\IgnoreFileManager.java:[85] 
[ERROR] 	ObjectMapper mapper = new ObjectMapper();
[ERROR] 	                          ^^^^^^^^^^^^
[ERROR] ObjectMapper cannot be resolved to a type
[ERROR] C:\Project\ast-eclipse-plugin\devassist-lib\src\com\checkmarx\eclipse\devassist\ignore\IgnoreFileManager.java:[87] 
[ERROR] 	new TypeReference<Map<String, IgnoreEntry>>() {
[ERROR] 	    ^^^^^^^^^^^^^
[ERROR] TypeReference cannot be resolved to a type
[ERROR] C:\Project\ast-eclipse-plugin\devassist-lib\src\com\checkmarx\eclipse\devassist\ignore\IgnoreFileManager.java:[92] 
[ERROR] 	LOGGER.warn("Failed to read ignore file: " + ignoreFile, e);
[ERROR] 	^^^^^^
[ERROR] LOGGER cannot be resolved
[ERROR] C:\Project\ast-eclipse-plugin\devassist-lib\src\com\checkmarx\eclipse\devassist\ignore\IgnoreFileManager.java:[126] 
[ERROR] 	String json = MAPPER.writerWithDefaultPrettyPrinter().writeValueAsString(ignoreData); // implement
[ERROR] 	              ^^^^^^
[ERROR] ObjectMapper cannot be resolved to a type
[ERROR] C:\Project\ast-eclipse-plugin\devassist-lib\src\com\checkmarx\eclipse\devassist\ignore\IgnoreFileManager.java:[129] 
[ERROR] 	project.getMessageBus().syncPublisher(IGNORE_TOPIC).onIgnoreUpdated();
[ERROR] 	^^^^^^^
[ERROR] project cannot be resolved
[ERROR] C:\Project\ast-eclipse-plugin\devassist-lib\src\com\checkmarx\eclipse\devassist\ignore\IgnoreFileManager.java:[129] 
[ERROR] 	project.getMessageBus().syncPublisher(IGNORE_TOPIC).onIgnoreUpdated();
[ERROR] 	                                      ^^^^^^^^^^^^
[ERROR] Topic cannot be resolved to a type
[ERROR] C:\Project\ast-eclipse-plugin\devassist-lib\src\com\checkmarx\eclipse\devassist\ignore\IgnoreFileManager.java:[131] 
[ERROR] 	LOGGER.warn("RTS-Ignore: Exception occurred while adding ignore entry into file", e);
[ERROR] 	^^^^^^
[ERROR] LOGGER cannot be resolved
[ERROR] C:\Project\ast-eclipse-plugin\devassist-lib\src\com\checkmarx\eclipse\devassist\ignore\IgnoreFileManager.java:[149] 
[ERROR] 	LOGGER.debug(String.format("RTS-Ignore: Updating temp list with %d ignore entries", ignoreData.size()));
[ERROR] 	^^^^^^
[ERROR] LOGGER cannot be resolved
[ERROR] C:\Project\ast-eclipse-plugin\devassist-lib\src\com\checkmarx\eclipse\devassist\ignore\IgnoreFileManager.java:[183] 
[ERROR] 	String json = MAPPER.writerWithDefaultPrettyPrinter().writeValueAsString(tempList);
[ERROR] 	              ^^^^^^
[ERROR] ObjectMapper cannot be resolved to a type
[ERROR] C:\Project\ast-eclipse-plugin\devassist-lib\src\com\checkmarx\eclipse\devassist\ignore\IgnoreFileManager.java:[187] 
[ERROR] 	LOGGER.error(String.format("RTS-Ignore: Failed to update temp list: %s", e.getMessage()));
[ERROR] 	^^^^^^
[ERROR] LOGGER cannot be resolved
[ERROR] C:\Project\ast-eclipse-plugin\devassist-lib\src\com\checkmarx\eclipse\devassist\ignore\IgnoreFileManager.java:[205] 
[ERROR] 	LOGGER.warn("RTS-Ignore: Entry not found in ignoreData map");
[ERROR] 	^^^^^^
[ERROR] LOGGER cannot be resolved
[ERROR] C:\Project\ast-eclipse-plugin\devassist-lib\src\com\checkmarx\eclipse\devassist\ignore\IgnoreFileManager.java:[211] 
[ERROR] 	file.setActive(false);
[ERROR] 	     ^^^^^^^^^
[ERROR] The method setActive(boolean) is undefined for the type IgnoreEntry.FileReference
[ERROR] C:\Project\ast-eclipse-plugin\devassist-lib\src\com\checkmarx\eclipse\devassist\ignore\IgnoreFileManager.java:[216] 
[ERROR] 	project.getMessageBus().syncPublisher(IGNORE_TOPIC).onIgnoreUpdated();
[ERROR] 	^^^^^^^
[ERROR] project cannot be resolved
[ERROR] C:\Project\ast-eclipse-plugin\devassist-lib\src\com\checkmarx\eclipse\devassist\ignore\IgnoreFileManager.java:[216] 
[ERROR] 	project.getMessageBus().syncPublisher(IGNORE_TOPIC).onIgnoreUpdated();
[ERROR] 	                                      ^^^^^^^^^^^^
[ERROR] Topic cannot be resolved to a type
[ERROR] C:\Project\ast-eclipse-plugin\devassist-lib\src\com\checkmarx\eclipse\devassist\ignore\IgnoreFileManager.java:[217] 
[ERROR] 	LOGGER.info("RTS-Ignore: Revived package: " + packageName);
[ERROR] 	^^^^^^
[ERROR] LOGGER cannot be resolved
[ERROR] C:\Project\ast-eclipse-plugin\devassist-lib\src\com\checkmarx\eclipse\devassist\ignore\IgnoreFileManager.java:[236] 
[ERROR] 	LOGGER.info("RTS-Ignore: Deleted ignore file at " + ignoreFilePath);
[ERROR] 	^^^^^^
[ERROR] LOGGER cannot be resolved
[ERROR] C:\Project\ast-eclipse-plugin\devassist-lib\src\com\checkmarx\eclipse\devassist\ignore\IgnoreFileManager.java:[242] 
[ERROR] 	LOGGER.info("RTS-Ignore: Deleted temp list file at " + tempListPath);
[ERROR] 	^^^^^^
[ERROR] LOGGER cannot be resolved
[ERROR] C:\Project\ast-eclipse-plugin\devassist-lib\src\com\checkmarx\eclipse\devassist\ignore\IgnoreFileManager.java:[250] 
[ERROR] 	project.getMessageBus().syncPublisher(IGNORE_TOPIC).onIgnoreUpdated();
[ERROR] 	^^^^^^^
[ERROR] project cannot be resolved
[ERROR] C:\Project\ast-eclipse-plugin\devassist-lib\src\com\checkmarx\eclipse\devassist\ignore\IgnoreFileManager.java:[250] 
[ERROR] 	project.getMessageBus().syncPublisher(IGNORE_TOPIC).onIgnoreUpdated();
[ERROR] 	                                      ^^^^^^^^^^^^
[ERROR] Topic cannot be resolved to a type
[ERROR] C:\Project\ast-eclipse-plugin\devassist-lib\src\com\checkmarx\eclipse\devassist\ignore\IgnoreFileManager.java:[252] 
[ERROR] 	LOGGER.error("RTS-Ignore: Failed to delete ignore files: " + e.getMessage(), e);
[ERROR] 	^^^^^^
[ERROR] LOGGER cannot be resolved
[ERROR] C:\Project\ast-eclipse-plugin\devassist-lib\src\com\checkmarx\eclipse\devassist\ignore\IgnoreFileManager.java:[274] 
[ERROR] 	LOGGER.warn("Failed to validate temp list: " + tempListPath, e);
[ERROR] 	^^^^^^
[ERROR] LOGGER cannot be resolved
[ERROR] C:\Project\ast-eclipse-plugin\devassist-lib\src\com\checkmarx\eclipse\devassist\ignore\IgnoreFileManager.java:[287] 
[ERROR] 	LOGGER.debug(String.format("RTS-Ignore: Created empty temp list at %s", tempListPath));
[ERROR] 	^^^^^^
[ERROR] LOGGER cannot be resolved
[ERROR] C:\Project\ast-eclipse-plugin\devassist-lib\src\com\checkmarx\eclipse\devassist\ignore\IgnoreFileManager.java:[289] 
[ERROR] 	LOGGER.error("Failed to create empty temp list", e);
[ERROR] 	^^^^^^
[ERROR] LOGGER cannot be resolved
[ERROR] C:\Project\ast-eclipse-plugin\devassist-lib\src\com\checkmarx\eclipse\devassist\ignore\IgnoreFileManager.java:[310] 
[ERROR] 	if (ApplicationManager.getApplication() == null) {
[ERROR] 	    ^^^^^^^^^^^^^^^^^^
[ERROR] ApplicationManager cannot be resolved
[ERROR] C:\Project\ast-eclipse-plugin\devassist-lib\src\com\checkmarx\eclipse\devassist\ignore\IgnoreFileManager.java:[313] 
[ERROR] 	VirtualFile ignoreFile = LocalFileSystem.getInstance().findFileByIoFile(getIgnoreFilePath().toFile());
[ERROR] 	^^^^^^^^^^^
[ERROR] VirtualFile cannot be resolved to a type
[ERROR] C:\Project\ast-eclipse-plugin\devassist-lib\src\com\checkmarx\eclipse\devassist\ignore\IgnoreFileManager.java:[313] 
[ERROR] 	VirtualFile ignoreFile = LocalFileSystem.getInstance().findFileByIoFile(getIgnoreFilePath().toFile());
[ERROR] 	                         ^^^^^^^^^^^^^^^
[ERROR] LocalFileSystem cannot be resolved
[ERROR] C:\Project\ast-eclipse-plugin\devassist-lib\src\com\checkmarx\eclipse\devassist\ignore\IgnoreFileManager.java:[317] 
[ERROR] 	VirtualFileManager.getInstance().addVirtualFileListener(new VirtualFileListener() {
[ERROR] 	^^^^^^^^^^^^^^^^^^
[ERROR] VirtualFileManager cannot be resolved
[ERROR] C:\Project\ast-eclipse-plugin\devassist-lib\src\com\checkmarx\eclipse\devassist\ignore\IgnoreFileManager.java:[317] 
[ERROR] 	VirtualFileManager.getInstance().addVirtualFileListener(new VirtualFileListener() {
[ERROR] 	                                                            ^^^^^^^^^^^^^^^^^^^
[ERROR] VirtualFileListener cannot be resolved to a type
[ERROR] C:\Project\ast-eclipse-plugin\devassist-lib\src\com\checkmarx\eclipse\devassist\ignore\IgnoreFileManager.java:[319] 
[ERROR] 	public void contentsChanged(@NotNull VirtualFileEvent event) {
[ERROR] 	                             ^^^^^^^
[ERROR] NotNull cannot be resolved to a type
[ERROR] C:\Project\ast-eclipse-plugin\devassist-lib\src\com\checkmarx\eclipse\devassist\ignore\IgnoreFileManager.java:[319] 
[ERROR] 	public void contentsChanged(@NotNull VirtualFileEvent event) {
[ERROR] 	                                     ^^^^^^^^^^^^^^^^
[ERROR] VirtualFileEvent cannot be resolved to a type
[ERROR] C:\Project\ast-eclipse-plugin\devassist-lib\src\com\checkmarx\eclipse\devassist\ignore\IgnoreFileManager.java:[324] 
[ERROR] 	}, project);
[ERROR] 	   ^^^^^^^
[ERROR] project cannot be resolved to a variable
[ERROR] C:\Project\ast-eclipse-plugin\devassist-lib\src\com\checkmarx\eclipse\devassist\ignore\IgnoreFileManager.java:[331] 
[ERROR] 	project.getMessageBus().syncPublisher(IGNORE_TOPIC).onIgnoreUpdated();
[ERROR] 	^^^^^^^
[ERROR] project cannot be resolved
[ERROR] C:\Project\ast-eclipse-plugin\devassist-lib\src\com\checkmarx\eclipse\devassist\ignore\IgnoreFileManager.java:[331] 
[ERROR] 	project.getMessageBus().syncPublisher(IGNORE_TOPIC).onIgnoreUpdated();
[ERROR] 	                                      ^^^^^^^^^^^^
[ERROR] Topic cannot be resolved to a type
[ERROR] C:\Project\ast-eclipse-plugin\devassist-lib\src\com\checkmarx\eclipse\devassist\ignore\IgnoreFileManager.java:[402] 
[ERROR] 	String json = MAPPER.writeValueAsString(src);
[ERROR] 	              ^^^^^^
[ERROR] ObjectMapper cannot be resolved to a type
[ERROR] C:\Project\ast-eclipse-plugin\devassist-lib\src\com\checkmarx\eclipse\devassist\ignore\IgnoreFileManager.java:[403] 
[ERROR] 	return MAPPER.readValue(json, new TypeReference<Map<String, IgnoreEntry>>() {
[ERROR] 	       ^^^^^^
[ERROR] ObjectMapper cannot be resolved to a type
[ERROR] C:\Project\ast-eclipse-plugin\devassist-lib\src\com\checkmarx\eclipse\devassist\ignore\IgnoreFileManager.java:[403] 
[ERROR] 	return MAPPER.readValue(json, new TypeReference<Map<String, IgnoreEntry>>() {
[ERROR] 	                                  ^^^^^^^^^^^^^
[ERROR] TypeReference cannot be resolved to a type
[ERROR] C:\Project\ast-eclipse-plugin\devassist-lib\src\com\checkmarx\eclipse\devassist\ignore\IgnoreFileManager.java:[406] 
[ERROR] 	LOGGER.warn("Failed to deep copy ignoreData, falling back to shallow copy", e);
[ERROR] 	^^^^^^
[ERROR] LOGGER cannot be resolved
[ERROR] C:\Project\ast-eclipse-plugin\devassist-lib\src\com\checkmarx\eclipse\devassist\ignore\IgnoreManager.java:[23] 
[ERROR] 	private final Project project;
[ERROR] 	              ^^^^^^^
[ERROR] Project cannot be resolved to a type
[ERROR] C:\Project\ast-eclipse-plugin\devassist-lib\src\com\checkmarx\eclipse\devassist\ignore\IgnoreManager.java:[27] 
[ERROR] 	public IgnoreManager(Project project) {
[ERROR] 	                     ^^^^^^^
[ERROR] Project cannot be resolved to a type
[ERROR] C:\Project\ast-eclipse-plugin\devassist-lib\src\com\checkmarx\eclipse\devassist\ignore\IgnoreManager.java:[28] 
[ERROR] 	this.project = project;
[ERROR] 	^^^^^^^^^^^^
[ERROR] Project cannot be resolved to a type
[ERROR] C:\Project\ast-eclipse-plugin\devassist-lib\src\com\checkmarx\eclipse\devassist\ignore\IgnoreManager.java:[33] 
[ERROR] 	public static synchronized IgnoreManager getInstance(Project project) {
[ERROR] 	                                                     ^^^^^^^
[ERROR] Project cannot be resolved to a type
[ERROR] C:\Project\ast-eclipse-plugin\devassist-lib\src\com\checkmarx\eclipse\devassist\ignore\IgnoreManager.java:[34] 
[ERROR] 	if (instance == null || instance.project != project) {
[ERROR] 	                        ^^^^^^^^^^^^^^^^
[ERROR] Project cannot be resolved to a type
[ERROR] C:\Project\ast-eclipse-plugin\devassist-lib\src\com\checkmarx\eclipse\devassist\ignore\IgnoreManager.java:[49] 
[ERROR] 	LOGGER.debug(String.format("RTS-Ignore: Adding ignore entry for issue: %s", issueToIgnore.getTitle()));
[ERROR] 	^^^^^^
[ERROR] LOGGER cannot be resolved
[ERROR] C:\Project\ast-eclipse-plugin\devassist-lib\src\com\checkmarx\eclipse\devassist\ignore\IgnoreManager.java:[53] 
[ERROR] 	LOGGER.debug("RTS-Ignore: Ignoring vulnerability failed. Vulnerability key is empty.");
[ERROR] 	^^^^^^
[ERROR] LOGGER cannot be resolved
[ERROR] C:\Project\ast-eclipse-plugin\devassist-lib\src\com\checkmarx\eclipse\devassist\ignore\IgnoreManager.java:[59] 
[ERROR] 	Utils.showNotification(Bundle.message(Resource.IGNORE_FAILED), "", NotificationType.ERROR, project, false, "");
[ERROR] 	^^^^^
[ERROR] Utils cannot be resolved
[ERROR] C:\Project\ast-eclipse-plugin\devassist-lib\src\com\checkmarx\eclipse\devassist\ignore\IgnoreManager.java:[59] 
[ERROR] 	Utils.showNotification(Bundle.message(Resource.IGNORE_FAILED), "", NotificationType.ERROR, project, false, "");
[ERROR] 	                       ^^^^^^
[ERROR] Bundle cannot be resolved
[ERROR] C:\Project\ast-eclipse-plugin\devassist-lib\src\com\checkmarx\eclipse\devassist\ignore\IgnoreManager.java:[59] 
[ERROR] 	Utils.showNotification(Bundle.message(Resource.IGNORE_FAILED), "", NotificationType.ERROR, project, false, "");
[ERROR] 	                                      ^^^^^^^^
[ERROR] Resource cannot be resolved to a variable
[ERROR] C:\Project\ast-eclipse-plugin\devassist-lib\src\com\checkmarx\eclipse\devassist\ignore\IgnoreManager.java:[59] 
[ERROR] 	Utils.showNotification(Bundle.message(Resource.IGNORE_FAILED), "", NotificationType.ERROR, project, false, "");
[ERROR] 	                                                                   ^^^^^^^^^^^^^^^^
[ERROR] NotificationType cannot be resolved to a variable
[ERROR] C:\Project\ast-eclipse-plugin\devassist-lib\src\com\checkmarx\eclipse\devassist\ignore\IgnoreManager.java:[59] 
[ERROR] 	Utils.showNotification(Bundle.message(Resource.IGNORE_FAILED), "", NotificationType.ERROR, project, false, "");
[ERROR] 	                                                                                           ^^^^^^^
[ERROR] Project cannot be resolved to a type
[ERROR] C:\Project\ast-eclipse-plugin\devassist-lib\src\com\checkmarx\eclipse\devassist\ignore\IgnoreManager.java:[62] 
[ERROR] 	LOGGER.debug(String.format("RTS-Ignore: Ignoring %s", vulnerabilityKey));
[ERROR] 	^^^^^^
[ERROR] LOGGER cannot be resolved
[ERROR] C:\Project\ast-eclipse-plugin\devassist-lib\src\com\checkmarx\eclipse\devassist\ignore\IgnoreManager.java:[64] 
[ERROR] 	scanFileAndUpdateResults(issueToIgnore.getFilePath(), issueToIgnore.getScanEngine());
[ERROR] 	^^^^^^^^^^^^^^^^^^^^^^^^
[ERROR] The method scanFileAndUpdateResults(String, ScanEngine) from the type IgnoreManager refers to the missing type ScanEngine
[ERROR] C:\Project\ast-eclipse-plugin\devassist-lib\src\com\checkmarx\eclipse\devassist\ignore\IgnoreManager.java:[65] 
[ERROR] 	showIgnoreSuccessNotification(project, issueToIgnore, vulnerabilityKey);
[ERROR] 	                              ^^^^^^^
[ERROR] Project cannot be resolved to a type
[ERROR] C:\Project\ast-eclipse-plugin\devassist-lib\src\com\checkmarx\eclipse\devassist\ignore\IgnoreManager.java:[66] 
[ERROR] 	LOGGER.debug(String.format("RTS-Ignore: Successfully added ignore entry for issue: %s", issueToIgnore.getTitle()));
[ERROR] 	^^^^^^
[ERROR] LOGGER cannot be resolved
[ERROR] C:\Project\ast-eclipse-plugin\devassist-lib\src\com\checkmarx\eclipse\devassist\ignore\IgnoreManager.java:[83] 
[ERROR] 	LOGGER.debug(String.format("RTS-Ignore: Adding ignore entry for issue: %s", issueToIgnore.getTitle()));
[ERROR] 	^^^^^^
[ERROR] LOGGER cannot be resolved
[ERROR] C:\Project\ast-eclipse-plugin\devassist-lib\src\com\checkmarx\eclipse\devassist\ignore\IgnoreManager.java:[85] 
[ERROR] 	LOGGER.debug("RTS-Ignore: Ignoring all vulnerabilities for: " + vulnerabilityKey);
[ERROR] 	^^^^^^
[ERROR] LOGGER cannot be resolved
[ERROR] C:\Project\ast-eclipse-plugin\devassist-lib\src\com\checkmarx\eclipse\devassist\ignore\IgnoreManager.java:[87] 
[ERROR] 	for (Map.Entry<String, List<ScanIssue>> entry : problemHolder.getAllIssues().entrySet()) {
[ERROR] 	                                                              ^^^^^^^^^^^^
[ERROR] The method getAllIssues() is undefined for the type ProblemHolderService
[ERROR] C:\Project\ast-eclipse-plugin\devassist-lib\src\com\checkmarx\eclipse\devassist\ignore\IgnoreManager.java:[93] 
[ERROR] 	Utils.showNotification(Bundle.message(Resource.IGNORE_FAILED), "", NotificationType.ERROR, project, false, "");
[ERROR] 	^^^^^
[ERROR] Utils cannot be resolved
[ERROR] C:\Project\ast-eclipse-plugin\devassist-lib\src\com\checkmarx\eclipse\devassist\ignore\IgnoreManager.java:[93] 
[ERROR] 	Utils.showNotification(Bundle.message(Resource.IGNORE_FAILED), "", NotificationType.ERROR, project, false, "");
[ERROR] 	                       ^^^^^^
[ERROR] Bundle cannot be resolved
[ERROR] C:\Project\ast-eclipse-plugin\devassist-lib\src\com\checkmarx\eclipse\devassist\ignore\IgnoreManager.java:[93] 
[ERROR] 	Utils.showNotification(Bundle.message(Resource.IGNORE_FAILED), "", NotificationType.ERROR, project, false, "");
[ERROR] 	                                      ^^^^^^^^
[ERROR] Resource cannot be resolved to a variable
[ERROR] C:\Project\ast-eclipse-plugin\devassist-lib\src\com\checkmarx\eclipse\devassist\ignore\IgnoreManager.java:[93] 
[ERROR] 	Utils.showNotification(Bundle.message(Resource.IGNORE_FAILED), "", NotificationType.ERROR, project, false, "");
[ERROR] 	                                                                   ^^^^^^^^^^^^^^^^
[ERROR] NotificationType cannot be resolved to a variable
[ERROR] C:\Project\ast-eclipse-plugin\devassist-lib\src\com\checkmarx\eclipse\devassist\ignore\IgnoreManager.java:[93] 
[ERROR] 	Utils.showNotification(Bundle.message(Resource.IGNORE_FAILED), "", NotificationType.ERROR, project, false, "");
[ERROR] 	                                                                                           ^^^^^^^
[ERROR] Project cannot be resolved to a type
[ERROR] C:\Project\ast-eclipse-plugin\devassist-lib\src\com\checkmarx\eclipse\devassist\ignore\IgnoreManager.java:[105] 
[ERROR] 	scanFileAndUpdateResults(issue.getFilePath(), issue.getScanEngine());
[ERROR] 	^^^^^^^^^^^^^^^^^^^^^^^^
[ERROR] The method scanFileAndUpdateResults(String, ScanEngine) from the type IgnoreManager refers to the missing type ScanEngine
[ERROR] C:\Project\ast-eclipse-plugin\devassist-lib\src\com\checkmarx\eclipse\devassist\ignore\IgnoreManager.java:[111] 
[ERROR] 	LOGGER.debug(String.format("RTS-Ignore: Successfully added ignore entry for issue: %s", issueToIgnore.getTitle()));
[ERROR] 	^^^^^^
[ERROR] LOGGER cannot be resolved
[ERROR] C:\Project\ast-eclipse-plugin\devassist-lib\src\com\checkmarx\eclipse\devassist\ignore\IgnoreManager.java:[112] 
[ERROR] 	showIgnoreSuccessNotification(project, issueToIgnore, vulnerabilityKey);
[ERROR] 	                              ^^^^^^^
[ERROR] Project cannot be resolved to a type
[ERROR] C:\Project\ast-eclipse-plugin\devassist-lib\src\com\checkmarx\eclipse\devassist\ignore\IgnoreManager.java:[125] 
[ERROR] 	LOGGER.debug(format("RTS-Ignore: Reviving entry: %s", entryToRevive.getPackageName()));
[ERROR] 	^^^^^^
[ERROR] LOGGER cannot be resolved
[ERROR] C:\Project\ast-eclipse-plugin\devassist-lib\src\com\checkmarx\eclipse\devassist\ignore\IgnoreManager.java:[130] 
[ERROR] 	.filter(IgnoreEntry.FileReference::isActive)
[ERROR] 	 ^^^^^^
[ERROR] The method filter(Predicate<? super IgnoreEntry.FileReference>) in the type Stream<IgnoreEntry.FileReference> is not applicable for the arguments (IgnoreEntry.FileReference::isActive)
[ERROR] C:\Project\ast-eclipse-plugin\devassist-lib\src\com\checkmarx\eclipse\devassist\ignore\IgnoreManager.java:[130] 
[ERROR] 	.filter(IgnoreEntry.FileReference::isActive)
[ERROR] 	        ^^^^^^^^^^^^^^^^^^^^^^^^^^^^^^^^^^^
[ERROR] The type IgnoreEntry.FileReference does not define isActive(IgnoreEntry.FileReference) that is applicable here
[ERROR] C:\Project\ast-eclipse-plugin\devassist-lib\src\com\checkmarx\eclipse\devassist\ignore\IgnoreManager.java:[135] 
[ERROR] 	Utils.showNotification(Bundle.message(Resource.REVIVE_FAILED), entryToRevive.getPackageName(), NotificationType.ERROR, project, false, "");
[ERROR] 	^^^^^
[ERROR] Utils cannot be resolved
[ERROR] C:\Project\ast-eclipse-plugin\devassist-lib\src\com\checkmarx\eclipse\devassist\ignore\IgnoreManager.java:[135] 
[ERROR] 	Utils.showNotification(Bundle.message(Resource.REVIVE_FAILED), entryToRevive.getPackageName(), NotificationType.ERROR, project, false, "");
[ERROR] 	                       ^^^^^^
[ERROR] Bundle cannot be resolved
[ERROR] C:\Project\ast-eclipse-plugin\devassist-lib\src\com\checkmarx\eclipse\devassist\ignore\IgnoreManager.java:[135] 
[ERROR] 	Utils.showNotification(Bundle.message(Resource.REVIVE_FAILED), entryToRevive.getPackageName(), NotificationType.ERROR, project, false, "");
[ERROR] 	                                      ^^^^^^^^
[ERROR] Resource cannot be resolved to a variable
[ERROR] C:\Project\ast-eclipse-plugin\devassist-lib\src\com\checkmarx\eclipse\devassist\ignore\IgnoreManager.java:[135] 
[ERROR] 	Utils.showNotification(Bundle.message(Resource.REVIVE_FAILED), entryToRevive.getPackageName(), NotificationType.ERROR, project, false, "");
[ERROR] 	                                                                                               ^^^^^^^^^^^^^^^^
[ERROR] NotificationType cannot be resolved to a variable
[ERROR] C:\Project\ast-eclipse-plugin\devassist-lib\src\com\checkmarx\eclipse\devassist\ignore\IgnoreManager.java:[135] 
[ERROR] 	Utils.showNotification(Bundle.message(Resource.REVIVE_FAILED), entryToRevive.getPackageName(), NotificationType.ERROR, project, false, "");
[ERROR] 	                                                                                                                       ^^^^^^^
[ERROR] Project cannot be resolved to a type
[ERROR] C:\Project\ast-eclipse-plugin\devassist-lib\src\com\checkmarx\eclipse\devassist\ignore\IgnoreManager.java:[136] 
[ERROR] 	LOGGER.warn(format("RTS-Ignore: Failed to revive entry: %s", entryToRevive.getPackageName()));
[ERROR] 	^^^^^^
[ERROR] LOGGER cannot be resolved
[ERROR] C:\Project\ast-eclipse-plugin\devassist-lib\src\com\checkmarx\eclipse\devassist\ignore\IgnoreManager.java:[143] 
[ERROR] 	LOGGER.debug(format("RTS-Ignore: Successfully revived entry: %s", entryToRevive.getPackageName()));
[ERROR] 	^^^^^^
[ERROR] LOGGER cannot be resolved
[ERROR] C:\Project\ast-eclipse-plugin\devassist-lib\src\com\checkmarx\eclipse\devassist\ignore\IgnoreManager.java:[154] 
[ERROR] 	LOGGER.warn("RTS-Ignore: No package keys provided for bulk revive");
[ERROR] 	^^^^^^
[ERROR] LOGGER cannot be resolved
[ERROR] C:\Project\ast-eclipse-plugin\devassist-lib\src\com\checkmarx\eclipse\devassist\ignore\IgnoreManager.java:[163] 
[ERROR] 	.filter(IgnoreEntry.FileReference::isActive)
[ERROR] 	 ^^^^^^
[ERROR] The method filter(Predicate<? super IgnoreEntry.FileReference>) in the type Stream<IgnoreEntry.FileReference> is not applicable for the arguments (IgnoreEntry.FileReference::isActive)
[ERROR] C:\Project\ast-eclipse-plugin\devassist-lib\src\com\checkmarx\eclipse\devassist\ignore\IgnoreManager.java:[163] 
[ERROR] 	.filter(IgnoreEntry.FileReference::isActive)
[ERROR] 	        ^^^^^^^^^^^^^^^^^^^^^^^^^^^^^^^^^^^
[ERROR] The type IgnoreEntry.FileReference does not define isActive(IgnoreEntry.FileReference) that is applicable here
[ERROR] C:\Project\ast-eclipse-plugin\devassist-lib\src\com\checkmarx\eclipse\devassist\ignore\IgnoreManager.java:[171] 
[ERROR] 	LOGGER.debug(String.format("RTS-Ignore: Successfully revived entry: %s", entryToRevive.getTitle()));
[ERROR] 	^^^^^^
[ERROR] LOGGER cannot be resolved
[ERROR] C:\Project\ast-eclipse-plugin\devassist-lib\src\com\checkmarx\eclipse\devassist\ignore\IgnoreManager.java:[174] 
[ERROR] 	LOGGER.warn(String.format("RTS-Ignore: Failed to revive entry: %s", entryToRevive.getTitle()));
[ERROR] 	^^^^^^
[ERROR] LOGGER cannot be resolved
[ERROR] C:\Project\ast-eclipse-plugin\devassist-lib\src\com\checkmarx\eclipse\devassist\ignore\IgnoreManager.java:[190] 
[ERROR] 	Utils.showNotification(message, "", NotificationType.INFORMATION, project, false, "");
[ERROR] 	^^^^^
[ERROR] Utils cannot be resolved
[ERROR] C:\Project\ast-eclipse-plugin\devassist-lib\src\com\checkmarx\eclipse\devassist\ignore\IgnoreManager.java:[190] 
[ERROR] 	Utils.showNotification(message, "", NotificationType.INFORMATION, project, false, "");
[ERROR] 	                                    ^^^^^^^^^^^^^^^^
[ERROR] NotificationType cannot be resolved to a variable
[ERROR] C:\Project\ast-eclipse-plugin\devassist-lib\src\com\checkmarx\eclipse\devassist\ignore\IgnoreManager.java:[190] 
[ERROR] 	Utils.showNotification(message, "", NotificationType.INFORMATION, project, false, "");
[ERROR] 	                                                                  ^^^^^^^
[ERROR] Project cannot be resolved to a type
[ERROR] C:\Project\ast-eclipse-plugin\devassist-lib\src\com\checkmarx\eclipse\devassist\ignore\IgnoreManager.java:[192] 
[ERROR] 	Utils.showNotification("Failed to revive entries", "", NotificationType.ERROR, project, false, "");
[ERROR] 	^^^^^
[ERROR] Utils cannot be resolved
[ERROR] C:\Project\ast-eclipse-plugin\devassist-lib\src\com\checkmarx\eclipse\devassist\ignore\IgnoreManager.java:[192] 
[ERROR] 	Utils.showNotification("Failed to revive entries", "", NotificationType.ERROR, project, false, "");
[ERROR] 	                                                       ^^^^^^^^^^^^^^^^
[ERROR] NotificationType cannot be resolved to a variable
[ERROR] C:\Project\ast-eclipse-plugin\devassist-lib\src\com\checkmarx\eclipse\devassist\ignore\IgnoreManager.java:[192] 
[ERROR] 	Utils.showNotification("Failed to revive entries", "", NotificationType.ERROR, project, false, "");
[ERROR] 	                                                                               ^^^^^^^
[ERROR] Project cannot be resolved to a type
[ERROR] C:\Project\ast-eclipse-plugin\devassist-lib\src\com\checkmarx\eclipse\devassist\ignore\IgnoreManager.java:[204] 
[ERROR] 	String fullPath = Paths.get(Objects.requireNonNull(project.getBasePath()),
[ERROR] 	                                                   ^^^^^^^
[ERROR] Project cannot be resolved to a type
[ERROR] C:\Project\ast-eclipse-plugin\devassist-lib\src\com\checkmarx\eclipse\devassist\ignore\IgnoreManager.java:[205] 
[ERROR] 	fileRef.getPath()).toString().replace("\\", "/");
[ERROR] 	        ^^^^^^^
[ERROR] The method getPath() is undefined for the type IgnoreEntry.FileReference
[ERROR] C:\Project\ast-eclipse-plugin\devassist-lib\src\com\checkmarx\eclipse\devassist\ignore\IgnoreManager.java:[206] 
[ERROR] 	VirtualFile vFile = LocalFileSystem.getInstance().findFileByPath(fullPath);
[ERROR] 	^^^^^^^^^^^
[ERROR] VirtualFile cannot be resolved to a type
[ERROR] C:\Project\ast-eclipse-plugin\devassist-lib\src\com\checkmarx\eclipse\devassist\ignore\IgnoreManager.java:[206] 
[ERROR] 	VirtualFile vFile = LocalFileSystem.getInstance().findFileByPath(fullPath);
[ERROR] 	                    ^^^^^^^^^^^^^^^
[ERROR] LocalFileSystem cannot be resolved
[ERROR] C:\Project\ast-eclipse-plugin\devassist-lib\src\com\checkmarx\eclipse\devassist\ignore\IgnoreManager.java:[209] 
[ERROR] 	scanFileAndUpdateResults(fullPath, entry.getType());
[ERROR] 	^^^^^^^^^^^^^^^^^^^^^^^^
[ERROR] The method scanFileAndUpdateResults(String, ScanEngine) from the type IgnoreManager refers to the missing type ScanEngine
[ERROR] C:\Project\ast-eclipse-plugin\devassist-lib\src\com\checkmarx\eclipse\devassist\ignore\IgnoreManager.java:[211] 
[ERROR] 	LOGGER.warn(String.format("RTS-Ignore: Could not find file for rescan: %s", fullPath));
[ERROR] 	^^^^^^
[ERROR] LOGGER cannot be resolved
[ERROR] C:\Project\ast-eclipse-plugin\devassist-lib\src\com\checkmarx\eclipse\devassist\ignore\IgnoreManager.java:[237] 
[ERROR] 	public void scanFileAndUpdateResults(String filePath, ScanEngine scanEngine) {
[ERROR] 	                                                      ^^^^^^^^^^
[ERROR] ScanEngine cannot be resolved to a type
[ERROR] C:\Project\ast-eclipse-plugin\devassist-lib\src\com\checkmarx\eclipse\devassist\ignore\IgnoreManager.java:[239] 
[ERROR] 	ApplicationManager.getApplication().invokeLater(() -> {
[ERROR] 	^^^^^^^^^^^^^^^^^^
[ERROR] ApplicationManager cannot be resolved
[ERROR] C:\Project\ast-eclipse-plugin\devassist-lib\src\com\checkmarx\eclipse\devassist\ignore\IgnoreManager.java:[265] 
[ERROR] 	}, ModalityState.NON_MODAL);
[ERROR] 	   ^^^^^^^^^^^^^
[ERROR] ModalityState cannot be resolved to a variable
[ERROR] C:\Project\ast-eclipse-plugin\devassist-lib\src\com\checkmarx\eclipse\devassist\ignore\IgnoreManager.java:[267] 
[ERROR] 	LOGGER.warn(format("RTS-Ignore: Exception occurred while trigger scan after ignoring vulnerability for file :%s ", filePath), e);
[ERROR] 	^^^^^^
[ERROR] LOGGER cannot be resolved
[ERROR] C:\Project\ast-eclipse-plugin\devassist-lib\src\com\checkmarx\eclipse\devassist\ignore\IgnoreManager.java:[303] 
[ERROR] 	LOGGER.warn(format("RTS-Ignore: Ignore IAC issue failed. Action id is not found for IAC issue: %s.", detail.getTitle()));
[ERROR] 	^^^^^^
[ERROR] LOGGER cannot be resolved
[ERROR] C:\Project\ast-eclipse-plugin\devassist-lib\src\com\checkmarx\eclipse\devassist\ignore\IgnoreManager.java:[306] 
[ERROR] 	Vulnerability vulnerability = DevAssistUtils.getVulnerabilityDetails(detail,
[ERROR] 	^^^^^^^^^^^^^
[ERROR] Vulnerability cannot be resolved to a type
[ERROR] C:\Project\ast-eclipse-plugin\devassist-lib\src\com\checkmarx\eclipse\devassist\ignore\IgnoreManager.java:[306] 
[ERROR] 	Vulnerability vulnerability = DevAssistUtils.getVulnerabilityDetails(detail,
[ERROR] 	                              ^^^^^^^^^^^^^^
[ERROR] DevAssistUtils cannot be resolved
[ERROR] C:\Project\ast-eclipse-plugin\devassist-lib\src\com\checkmarx\eclipse\devassist\ignore\IgnoreManager.java:[309] 
[ERROR] 	LOGGER.warn(format("RTS-Ignore: Ignore IAC issue failed. Vulnerability details not found for IAC issue: %s.", clickId));
[ERROR] 	^^^^^^
[ERROR] LOGGER cannot be resolved
[ERROR] C:\Project\ast-eclipse-plugin\devassist-lib\src\com\checkmarx\eclipse\devassist\ignore\IgnoreManager.java:[316] 
[ERROR] 	ignoreEntry.setType(detail.getScanEngine());
[ERROR] 	            ^^^^^^^
[ERROR] The method setType(com.checkmarx.eclipse.devassist.utils.ScanEngine) in the type IgnoreEntry is not applicable for the arguments (com.checkmarx.eclipse.devassist.model.ScanEngine)
[ERROR] C:\Project\ast-eclipse-plugin\devassist-lib\src\com\checkmarx\eclipse\devassist\ignore\IgnoreManager.java:[342] 
[ERROR] 	LOGGER.warn(format("RTS-Ignore: Ignore ASCA issue failed. Action id is not found for ASCA issue: %s.", detail.getTitle()));
[ERROR] 	^^^^^^
[ERROR] LOGGER cannot be resolved
[ERROR] C:\Project\ast-eclipse-plugin\devassist-lib\src\com\checkmarx\eclipse\devassist\ignore\IgnoreManager.java:[345] 
[ERROR] 	Vulnerability vulnerability = DevAssistUtils.getVulnerabilityDetails(detail,
[ERROR] 	^^^^^^^^^^^^^
[ERROR] Vulnerability cannot be resolved to a type
[ERROR] C:\Project\ast-eclipse-plugin\devassist-lib\src\com\checkmarx\eclipse\devassist\ignore\IgnoreManager.java:[345] 
[ERROR] 	Vulnerability vulnerability = DevAssistUtils.getVulnerabilityDetails(detail,
[ERROR] 	                              ^^^^^^^^^^^^^^
[ERROR] DevAssistUtils cannot be resolved
[ERROR] C:\Project\ast-eclipse-plugin\devassist-lib\src\com\checkmarx\eclipse\devassist\ignore\IgnoreManager.java:[349] 
[ERROR] 	LOGGER.warn(format("RTS-Ignore: Ignore ASCA issue failed. Vulnerability details not found for ASCA issue: %s.", clickId));
[ERROR] 	^^^^^^
[ERROR] LOGGER cannot be resolved
[ERROR] C:\Project\ast-eclipse-plugin\devassist-lib\src\com\checkmarx\eclipse\devassist\ignore\IgnoreManager.java:[356] 
[ERROR] 	ignoreEntry.setType(detail.getScanEngine());
[ERROR] 	            ^^^^^^^
[ERROR] The method setType(com.checkmarx.eclipse.devassist.utils.ScanEngine) in the type IgnoreEntry is not applicable for the arguments (com.checkmarx.eclipse.devassist.model.ScanEngine)
[ERROR] C:\Project\ast-eclipse-plugin\devassist-lib\src\com\checkmarx\eclipse\devassist\ignore\IgnoreManager.java:[361] 
[ERROR] 	ignoreEntry.setFiles(List.of(new IgnoreEntry.FileReference(relativePath, true, line, vulnerability.getProblematicLine())));
[ERROR] 	                          ^^
[ERROR] The method of(E) in the type List is not applicable for the arguments (IgnoreEntry.FileReference)
[ERROR] C:\Project\ast-eclipse-plugin\devassist-lib\src\com\checkmarx\eclipse\devassist\ignore\IgnoreManager.java:[385] 
[ERROR] 	ignoreEntry.setType(detail.getScanEngine());
[ERROR] 	            ^^^^^^^
[ERROR] The method setType(com.checkmarx.eclipse.devassist.utils.ScanEngine) in the type IgnoreEntry is not applicable for the arguments (com.checkmarx.eclipse.devassist.model.ScanEngine)
[ERROR] C:\Project\ast-eclipse-plugin\devassist-lib\src\com\checkmarx\eclipse\devassist\ignore\IgnoreManager.java:[387] 
[ERROR] 	if (detail.getScanEngine() == ScanEngine.CONTAINERS) {
[ERROR] 	                              ^^^^^^^^^^
[ERROR] ScanEngine cannot be resolved to a variable
[ERROR] C:\Project\ast-eclipse-plugin\devassist-lib\src\com\checkmarx\eclipse\devassist\ignore\IgnoreManager.java:[422] 
[ERROR] 	if (detail.getScanEngine() == ScanEngine.ASCA && detail.getVulnerabilities() != null && !detail.getVulnerabilities().isEmpty()) {
[ERROR] 	                              ^^^^^^^^^^
[ERROR] ScanEngine cannot be resolved to a variable
[ERROR] C:\Project\ast-eclipse-plugin\devassist-lib\src\com\checkmarx\eclipse\devassist\ignore\IgnoreManager.java:[424] 
[ERROR] 	for (Vulnerability v : detail.getVulnerabilities()) {
[ERROR] 	     ^^^^^^^^^^^^^
[ERROR] Vulnerability cannot be resolved to a type
[ERROR] C:\Project\ast-eclipse-plugin\devassist-lib\src\com\checkmarx\eclipse\devassist\ignore\IgnoreManager.java:[424] 
[ERROR] 	for (Vulnerability v : detail.getVulnerabilities()) {
[ERROR] 	                       ^^^^^^^^^^^^^^^^^^^^^^^^^^^
[ERROR] Type mismatch: cannot convert from element type com.checkmarx.eclipse.devassist.model.Vulnerability to Vulnerability
[ERROR] C:\Project\ast-eclipse-plugin\devassist-lib\src\com\checkmarx\eclipse\devassist\ignore\IgnoreManager.java:[435] 
[ERROR] 	.filter(fileReference -> fileReference.getPath().equals(relativePath) && fileReference.getLine() == line)
[ERROR] 	                                       ^^^^^^^
[ERROR] The method getPath() is undefined for the type IgnoreEntry.FileReference
[ERROR] C:\Project\ast-eclipse-plugin\devassist-lib\src\com\checkmarx\eclipse\devassist\ignore\IgnoreManager.java:[435] 
[ERROR] 	.filter(fileReference -> fileReference.getPath().equals(relativePath) && fileReference.getLine() == line)
[ERROR] 	                                                                                       ^^^^^^^
[ERROR] The method getLine() is undefined for the type IgnoreEntry.FileReference
[ERROR] C:\Project\ast-eclipse-plugin\devassist-lib\src\com\checkmarx\eclipse\devassist\ignore\IgnoreManager.java:[438] 
[ERROR] 	existing.get().setActive(true);
[ERROR] 	               ^^^^^^^^^
[ERROR] The method setActive(boolean) is undefined for the type IgnoreEntry.FileReference
[ERROR] C:\Project\ast-eclipse-plugin\devassist-lib\src\com\checkmarx\eclipse\devassist\ignore\IgnoreManager.java:[440] 
[ERROR] 	if (detail.getScanEngine() == ScanEngine.ASCA && problematicLine != null &&
[ERROR] 	                              ^^^^^^^^^^
[ERROR] ScanEngine cannot be resolved to a variable
[ERROR] C:\Project\ast-eclipse-plugin\devassist-lib\src\com\checkmarx\eclipse\devassist\ignore\IgnoreManager.java:[441] 
[ERROR] 	(existing.get().getProblematicLine() == null || !existing.get().getProblematicLine().equals(problematicLine))) {
[ERROR] 	                ^^^^^^^^^^^^^^^^^^
[ERROR] The method getProblematicLine() is undefined for the type IgnoreEntry.FileReference
[ERROR] C:\Project\ast-eclipse-plugin\devassist-lib\src\com\checkmarx\eclipse\devassist\ignore\IgnoreManager.java:[441] 
[ERROR] 	(existing.get().getProblematicLine() == null || !existing.get().getProblematicLine().equals(problematicLine))) {
[ERROR] 	                                                                ^^^^^^^^^^^^^^^^^^
[ERROR] The method getProblematicLine() is undefined for the type IgnoreEntry.FileReference
[ERROR] C:\Project\ast-eclipse-plugin\devassist-lib\src\com\checkmarx\eclipse\devassist\ignore\IgnoreManager.java:[442] 
[ERROR] 	existing.get().setProblematicLine(problematicLine);
[ERROR] 	               ^^^^^^^^^^^^^^^^^^
[ERROR] The method setProblematicLine(String) is undefined for the type IgnoreEntry.FileReference
[ERROR] C:\Project\ast-eclipse-plugin\devassist-lib\src\com\checkmarx\eclipse\devassist\ignore\IgnoreManager.java:[457] 
[ERROR] 	Vulnerability vulnerability;
[ERROR] 	^^^^^^^^^^^^^
[ERROR] Vulnerability cannot be resolved to a type
[ERROR] C:\Project\ast-eclipse-plugin\devassist-lib\src\com\checkmarx\eclipse\devassist\ignore\IgnoreManager.java:[460] 
[ERROR] 	return formatJsonKeyForIgnoreEntry(detail.getScanEngine(), detail.getPackageManager(), detail.getTitle(), detail.getPackageVersion());
[ERROR] 	       ^^^^^^^^^^^^^^^^^^^^^^^^^^^
[ERROR] The method formatJsonKeyForIgnoreEntry(ScanEngine, String, String, String) from the type IgnoreManager refers to the missing type ScanEngine
[ERROR] C:\Project\ast-eclipse-plugin\devassist-lib\src\com\checkmarx\eclipse\devassist\ignore\IgnoreManager.java:[463] 
[ERROR] 	return formatJsonKeyForIgnoreEntry(detail.getScanEngine(), detail.getTitle(), detail.getImageTag(), "");
[ERROR] 	       ^^^^^^^^^^^^^^^^^^^^^^^^^^^
[ERROR] The method formatJsonKeyForIgnoreEntry(ScanEngine, String, String, String) from the type IgnoreManager refers to the missing type ScanEngine
[ERROR] C:\Project\ast-eclipse-plugin\devassist-lib\src\com\checkmarx\eclipse\devassist\ignore\IgnoreManager.java:[466] 
[ERROR] 	return formatJsonKeyForIgnoreEntry(detail.getScanEngine(), detail.getTitle(), detail.getSecretValue(), relativePath);
[ERROR] 	       ^^^^^^^^^^^^^^^^^^^^^^^^^^^
[ERROR] The method formatJsonKeyForIgnoreEntry(ScanEngine, String, String, String) from the type IgnoreManager refers to the missing type ScanEngine
[ERROR] C:\Project\ast-eclipse-plugin\devassist-lib\src\com\checkmarx\eclipse\devassist\ignore\IgnoreManager.java:[468] 
[ERROR] 	vulnerability = DevAssistUtils.getVulnerabilityDetails(detail,
[ERROR] 	                ^^^^^^^^^^^^^^
[ERROR] DevAssistUtils cannot be resolved
[ERROR] C:\Project\ast-eclipse-plugin\devassist-lib\src\com\checkmarx\eclipse\devassist\ignore\IgnoreManager.java:[473] 
[ERROR] 	vulnerability = DevAssistUtils.getVulnerabilityDetails(detail,
[ERROR] 	                ^^^^^^^^^^^^^^
[ERROR] DevAssistUtils cannot be resolved
[ERROR] C:\Project\ast-eclipse-plugin\devassist-lib\src\com\checkmarx\eclipse\devassist\ignore\IgnoreManager.java:[483] 
[ERROR] 	private String formatJsonKeyForIgnoreEntry(ScanEngine scanEngine, String title, String packageName, String path) {
[ERROR] 	                                           ^^^^^^^^^^
[ERROR] ScanEngine cannot be resolved to a type
[ERROR] C:\Project\ast-eclipse-plugin\devassist-lib\src\com\checkmarx\eclipse\devassist\ignore\IgnoreManager.java:[492] 
[ERROR] 	private void showIgnoreSuccessNotification(Project project, ScanIssue detail, String vulnerabilityKey) {
[ERROR] 	                                           ^^^^^^^
[ERROR] Project cannot be resolved to a type
[ERROR] C:\Project\ast-eclipse-plugin\devassist-lib\src\com\checkmarx\eclipse\devassist\ignore\IgnoreManager.java:[535] 
[ERROR] 	Notification notification = NotificationGroupManager.getInstance()
[ERROR] 	^^^^^^^^^^^^
[ERROR] Notification cannot be resolved to a type
[ERROR] C:\Project\ast-eclipse-plugin\devassist-lib\src\com\checkmarx\eclipse\devassist\ignore\IgnoreManager.java:[575] 
[ERROR] 	public void updateLineNumbersForIgnoredEntries(ScanResult<?> fullScanResults, String filePath) {
[ERROR] 	                                               ^^^^^^^^^^
[ERROR] ScanResult cannot be resolved to a type
[ERROR] C:\Project\ast-eclipse-plugin\devassist-lib\src\com\checkmarx\eclipse\devassist\ignore\IgnoreManager.java:[626] 
[ERROR] 	.anyMatch(fileRef -> fileRef.getPath().equals(relativePath) && fileRef.isActive());
[ERROR] 	                             ^^^^^^^
[ERROR] The method getPath() is undefined for the type IgnoreEntry.FileReference
[ERROR] C:\Project\ast-eclipse-plugin\devassist-lib\src\com\checkmarx\eclipse\devassist\ignore\IgnoreManager.java:[626] 
[ERROR] 	.anyMatch(fileRef -> fileRef.getPath().equals(relativePath) && fileRef.isActive());
[ERROR] 	                                                                       ^^^^^^^^
[ERROR] The method isActive() is undefined for the type IgnoreEntry.FileReference
[ERROR] C:\Project\ast-eclipse-plugin\devassist-lib\src\com\checkmarx\eclipse\devassist\ignore\IgnoreManager.java:[656] 
[ERROR] 	LOGGER.info(String.format("RTS-Ignore: Line numbers updated and saved for file: %s", relativePath));
[ERROR] 	^^^^^^
[ERROR] LOGGER cannot be resolved
[ERROR] C:\Project\ast-eclipse-plugin\devassist-lib\src\com\checkmarx\eclipse\devassist\ignore\IgnoreManager.java:[671] 
[ERROR] 	public boolean hasIgnoredEntries(ScanEngine scanEngine) {
[ERROR] 	                                 ^^^^^^^^^^
[ERROR] ScanEngine cannot be resolved to a type
[ERROR] C:\Project\ast-eclipse-plugin\devassist-lib\src\com\checkmarx\eclipse\devassist\ignore\IgnoreManager.java:[687] 
[ERROR] 	if (scanIssue.getScanEngine().equals(ScanEngine.IAC) || scanIssue.getScanEngine().equals(ScanEngine.ASCA)) {
[ERROR] 	                                     ^^^^^^^^^^
[ERROR] ScanEngine cannot be resolved to a variable
[ERROR] C:\Project\ast-eclipse-plugin\devassist-lib\src\com\checkmarx\eclipse\devassist\ignore\IgnoreManager.java:[724] 
[ERROR] 	public void updateLineNumbersForIgnoredEntriesByProblematicLine(ScanResult<?> fullScanResults, String filePath) {
[ERROR] 	                                                                ^^^^^^^^^^
[ERROR] ScanResult cannot be resolved to a type
[ERROR] C:\Project\ast-eclipse-plugin\devassist-lib\src\com\checkmarx\eclipse\devassist\ignore\IgnoreManager.java:[820] 
[ERROR] 	if (!ScanEngine.ASCA.toString().equalsIgnoreCase(String.valueOf(ignoreEntry.getType()))) {
[ERROR] 	     ^^^^^^^^^^
[ERROR] ScanEngine cannot be resolved
[ERROR] C:\Project\ast-eclipse-plugin\devassist-lib\src\com\checkmarx\eclipse\devassist\ignore\IgnoreManager.java:[825] 
[ERROR] 	fileRefs.removeIf(fileRef -> fileRef.getPath().equals(relativePath));
[ERROR] 	                                     ^^^^^^^
[ERROR] The method getPath() is undefined for the type IgnoreEntry.FileReference
[ERROR] C:\Project\ast-eclipse-plugin\devassist-lib\src\com\checkmarx\eclipse\devassist\ignore\IgnoreManager.java:[855] 
[ERROR] 	public boolean isAscaVulnerabilityIgnored(Vulnerability vulnerability, List<IgnoreEntry> ignoreEntries, String filePath) {
[ERROR] 	                                          ^^^^^^^^^^^^^
[ERROR] Vulnerability cannot be resolved to a type
[ERROR] C:\Project\ast-eclipse-plugin\devassist-lib\src\com\checkmarx\eclipse\devassist\ui\findings\CxFindingsView.java:[56] 
[ERROR] 	import com.checkmarx.eclipse.devassist.ui.findings.ignore.IgnoredProblemsStore;
[ERROR] 	       ^^^^^^^^^^^^^^^^^^^^^^^^^^^^^^^^^^^^^^^^^^^^^^^^^^^^^^^^^^^^^^^^^^^^^^^
[ERROR] The import com.checkmarx.eclipse.devassist.ui.findings.ignore.IgnoredProblemsStore cannot be resolved
[ERROR] C:\Project\ast-eclipse-plugin\devassist-lib\src\com\checkmarx\eclipse\devassist\ui\findings\CxFindingsView.java:[57] 
[ERROR] 	import com.checkmarx.eclipse.devassist.ui.findings.ignore.IgnoredProblemsStore.IgnoredProblemsListener;
[ERROR] 	       ^^^^^^^^^^^^^^^^^^^^^^^^^^^^^^^^^^^^^^^^^^^^^^^^^^^^^^^^^^^^^^^^^^^^^^^
[ERROR] The import com.checkmarx.eclipse.devassist.ui.findings.ignore.IgnoredProblemsStore cannot be resolved
[ERROR] C:\Project\ast-eclipse-plugin\devassist-lib\src\com\checkmarx\eclipse\devassist\ui\findings\CxFindingsView.java:[75] 
[ERROR] 	public class CxFindingsView extends ViewPart implements IgnoredProblemsListener {
[ERROR] 	                                                        ^^^^^^^^^^^^^^^^^^^^^^^
[ERROR] IgnoredProblemsListener cannot be resolved to a type
[ERROR] C:\Project\ast-eclipse-plugin\devassist-lib\src\com\checkmarx\eclipse\devassist\ui\findings\CxFindingsView.java:[83] 
[ERROR] 	private IgnoredProblemsStore ignoredStore;
[ERROR] 	        ^^^^^^^^^^^^^^^^^^^^
[ERROR] IgnoredProblemsStore cannot be resolved to a type
[ERROR] C:\Project\ast-eclipse-plugin\devassist-lib\src\com\checkmarx\eclipse\devassist\ui\findings\CxFindingsView.java:[111] 
[ERROR] 	ignoredStore = IgnoredProblemsStore.getInstance();
[ERROR] 	^^^^^^^^^^^^
[ERROR] IgnoredProblemsStore cannot be resolved to a type
[ERROR] C:\Project\ast-eclipse-plugin\devassist-lib\src\com\checkmarx\eclipse\devassist\ui\findings\CxFindingsView.java:[111] 
[ERROR] 	ignoredStore = IgnoredProblemsStore.getInstance();
[ERROR] 	               ^^^^^^^^^^^^^^^^^^^^
[ERROR] IgnoredProblemsStore cannot be resolved
[ERROR] C:\Project\ast-eclipse-plugin\devassist-lib\src\com\checkmarx\eclipse\devassist\ui\findings\CxFindingsView.java:[112] 
[ERROR] 	ignoredStore.addListener(this);
[ERROR] 	^^^^^^^^^^^^
[ERROR] IgnoredProblemsStore cannot be resolved to a type
[ERROR] C:\Project\ast-eclipse-plugin\devassist-lib\src\com\checkmarx\eclipse\devassist\ui\findings\CxFindingsView.java:[393] 
[ERROR] 	if (ignoredStore != null) {
[ERROR] 	    ^^^^^^^^^^^^
[ERROR] IgnoredProblemsStore cannot be resolved to a type
[ERROR] C:\Project\ast-eclipse-plugin\devassist-lib\src\com\checkmarx\eclipse\devassist\ui\findings\CxFindingsView.java:[609] 
[ERROR] 	if (ignoredStore == null) {
[ERROR] 	    ^^^^^^^^^^^^
[ERROR] IgnoredProblemsStore cannot be resolved to a type
[ERROR] C:\Project\ast-eclipse-plugin\devassist-lib\src\com\checkmarx\eclipse\devassist\ui\findings\CxFindingsView.java:[617] 
[ERROR] 	ignoredStore.ignoreProblem(issue);
[ERROR] 	^^^^^^^^^^^^
[ERROR] IgnoredProblemsStore cannot be resolved to a type
[ERROR] C:\Project\ast-eclipse-plugin\devassist-lib\src\com\checkmarx\eclipse\devassist\ui\findings\CxFindingsView.java:[620] 
[ERROR] 	boolean isIgnored = ignoredStore.isIgnored(issue.getScanIssueId());
[ERROR] 	                    ^^^^^^^^^^^^
[ERROR] IgnoredProblemsStore cannot be resolved to a type
[ERROR] C:\Project\ast-eclipse-plugin\devassist-lib\src\com\checkmarx\eclipse\devassist\ui\findings\CxFindingsView.java:[654] 
[ERROR] 	ignoredStore.ignoreProblem(currentIssue);
[ERROR] 	^^^^^^^^^^^^
[ERROR] IgnoredProblemsStore cannot be resolved to a type
[ERROR] C:\Project\ast-eclipse-plugin\devassist-lib\src\com\checkmarx\eclipse\devassist\ui\findings\CxFindingsView.java:[1224] 
[ERROR] 	boolean isIgnored = ignoredStore != null && ignoredStore.isIgnored(issueId);
[ERROR] 	                    ^^^^^^^^^^^^
[ERROR] IgnoredProblemsStore cannot be resolved to a type
[ERROR] C:\Project\ast-eclipse-plugin\devassist-lib\src\com\checkmarx\eclipse\devassist\ui\findings\CxFindingsView.java:[1224] 
[ERROR] 	boolean isIgnored = ignoredStore != null && ignoredStore.isIgnored(issueId);
[ERROR] 	                                            ^^^^^^^^^^^^
[ERROR] IgnoredProblemsStore cannot be resolved to a type
[ERROR] C:\Project\ast-eclipse-plugin\devassist-lib\src\com\checkmarx\eclipse\devassist\ui\findings\CxFindingsView.java:[1388] 
[ERROR] 	public void onIgnoredProblemsChanged() {
[ERROR] 	            ^^^^^^^^^^^^^^^^^^^^^^^^^^
[ERROR] The method onIgnoredProblemsChanged() of type CxFindingsView must override or implement a supertype method
[ERROR] C:\Project\ast-eclipse-plugin\devassist-lib\src\com\checkmarx\eclipse\devassist\ui\findings\ignore\DevAssistIgnoredFindings.java:[28] 
[ERROR] 	public class DevAssistIgnoredFindings extends SimpleToolWindowPanel implements Disposable {
[ERROR] 	                                              ^^^^^^^^^^^^^^^^^^^^^
[ERROR] SimpleToolWindowPanel cannot be resolved to a type
[ERROR] C:\Project\ast-eclipse-plugin\devassist-lib\src\com\checkmarx\eclipse\devassist\ui\findings\ignore\DevAssistIgnoredFindings.java:[28] 
[ERROR] 	public class DevAssistIgnoredFindings extends SimpleToolWindowPanel implements Disposable {
[ERROR] 	                                                                               ^^^^^^^^^^
[ERROR] Disposable cannot be resolved to a type
[ERROR] C:\Project\ast-eclipse-plugin\devassist-lib\src\com\checkmarx\eclipse\devassist\ui\findings\ignore\DevAssistIgnoredFindings.java:[30] 
[ERROR] 	private static final Logger LOGGER = Utils.getLogger(DevAssistIgnoredFindings.class);
[ERROR] 	                     ^^^^^^
[ERROR] Logger cannot be resolved to a type
[ERROR] C:\Project\ast-eclipse-plugin\devassist-lib\src\com\checkmarx\eclipse\devassist\ui\findings\ignore\DevAssistIgnoredFindings.java:[30] 
[ERROR] 	private static final Logger LOGGER = Utils.getLogger(DevAssistIgnoredFindings.class);
[ERROR] 	                                     ^^^^^
[ERROR] Utils cannot be resolved
[ERROR] C:\Project\ast-eclipse-plugin\devassist-lib\src\com\checkmarx\eclipse\devassist\ui\findings\ignore\DevAssistIgnoredFindings.java:[38] 
[ERROR] 	private static final JBColor TEXT_COLOR = new JBColor(0x52545F, 0xADADAD);      // Text in pills and links
[ERROR] 	                     ^^^^^^^
[ERROR] JBColor cannot be resolved to a type
[ERROR] C:\Project\ast-eclipse-plugin\devassist-lib\src\com\checkmarx\eclipse\devassist\ui\findings\ignore\DevAssistIgnoredFindings.java:[38] 
[ERROR] 	private static final JBColor TEXT_COLOR = new JBColor(0x52545F, 0xADADAD);      // Text in pills and links
[ERROR] 	                                              ^^^^^^^
[ERROR] JBColor cannot be resolved to a type
[ERROR] C:\Project\ast-eclipse-plugin\devassist-lib\src\com\checkmarx\eclipse\devassist\ui\findings\ignore\DevAssistIgnoredFindings.java:[39] 
[ERROR] 	private static final JBColor LINK_COLOR = new JBColor(0x606572, 0xADADAD);      // Underlined links
[ERROR] 	                     ^^^^^^^
[ERROR] JBColor cannot be resolved to a type
[ERROR] C:\Project\ast-eclipse-plugin\devassist-lib\src\com\checkmarx\eclipse\devassist\ui\findings\ignore\DevAssistIgnoredFindings.java:[39] 
[ERROR] 	private static final JBColor LINK_COLOR = new JBColor(0x606572, 0xADADAD);      // Underlined links
[ERROR] 	                                              ^^^^^^^
[ERROR] JBColor cannot be resolved to a type
[ERROR] C:\Project\ast-eclipse-plugin\devassist-lib\src\com\checkmarx\eclipse\devassist\ui\findings\ignore\DevAssistIgnoredFindings.java:[40] 
[ERROR] 	private static final JBColor PILL_BG = new JBColor(0xFFFFFF, 0x323438);         // Pill button background (light=white, dark=gray)
[ERROR] 	                     ^^^^^^^
[ERROR] JBColor cannot be resolved to a type
[ERROR] C:\Project\ast-eclipse-plugin\devassist-lib\src\com\checkmarx\eclipse\devassist\ui\findings\ignore\DevAssistIgnoredFindings.java:[40] 
[ERROR] 	private static final JBColor PILL_BG = new JBColor(0xFFFFFF, 0x323438);         // Pill button background (light=white, dark=gray)
[ERROR] 	                                           ^^^^^^^
[ERROR] JBColor cannot be resolved to a type
[ERROR] C:\Project\ast-eclipse-plugin\devassist-lib\src\com\checkmarx\eclipse\devassist\ui\findings\ignore\DevAssistIgnoredFindings.java:[41] 
[ERROR] 	private static final JBColor PILL_BORDER = new JBColor(0x9DA3B4, 0x43454A);     // Pill button border
[ERROR] 	                     ^^^^^^^
[ERROR] JBColor cannot be resolved to a type
[ERROR] C:\Project\ast-eclipse-plugin\devassist-lib\src\com\checkmarx\eclipse\devassist\ui\findings\ignore\DevAssistIgnoredFindings.java:[41] 
[ERROR] 	private static final JBColor PILL_BORDER = new JBColor(0x9DA3B4, 0x43454A);     // Pill button border
[ERROR] 	                                               ^^^^^^^
[ERROR] JBColor cannot be resolved to a type
[ERROR] C:\Project\ast-eclipse-plugin\devassist-lib\src\com\checkmarx\eclipse\devassist\ui\findings\ignore\DevAssistIgnoredFindings.java:[42] 
[ERROR] 	private static final JBColor DIVIDER_COLOR = new JBColor(0xADADAD, 0xADADAD);   // Vertical divider line
[ERROR] 	                     ^^^^^^^
[ERROR] JBColor cannot be resolved to a type
[ERROR] C:\Project\ast-eclipse-plugin\devassist-lib\src\com\checkmarx\eclipse\devassist\ui\findings\ignore\DevAssistIgnoredFindings.java:[42] 
[ERROR] 	private static final JBColor DIVIDER_COLOR = new JBColor(0xADADAD, 0xADADAD);   // Vertical divider line
[ERROR] 	                                                 ^^^^^^^
[ERROR] JBColor cannot be resolved to a type
[ERROR] C:\Project\ast-eclipse-plugin\devassist-lib\src\com\checkmarx\eclipse\devassist\ui\findings\ignore\DevAssistIgnoredFindings.java:[46] 
[ERROR] 	"critical", CxIcons.Medium.CRITICAL, "high", CxIcons.Medium.HIGH,
[ERROR] 	            ^^^^^^^
[ERROR] CxIcons cannot be resolved to a variable
[ERROR] C:\Project\ast-eclipse-plugin\devassist-lib\src\com\checkmarx\eclipse\devassist\ui\findings\ignore\DevAssistIgnoredFindings.java:[46] 
[ERROR] 	"critical", CxIcons.Medium.CRITICAL, "high", CxIcons.Medium.HIGH,
[ERROR] 	                                             ^^^^^^^
[ERROR] CxIcons cannot be resolved to a variable
[ERROR] C:\Project\ast-eclipse-plugin\devassist-lib\src\com\checkmarx\eclipse\devassist\ui\findings\ignore\DevAssistIgnoredFindings.java:[47] 
[ERROR] 	"medium", CxIcons.Medium.MEDIUM, "low", CxIcons.Medium.LOW, "malicious", CxIcons.Medium.MALICIOUS);
[ERROR] 	          ^^^^^^^
[ERROR] CxIcons cannot be resolved to a variable
[ERROR] C:\Project\ast-eclipse-plugin\devassist-lib\src\com\checkmarx\eclipse\devassist\ui\findings\ignore\DevAssistIgnoredFindings.java:[47] 
[ERROR] 	"medium", CxIcons.Medium.MEDIUM, "low", CxIcons.Medium.LOW, "malicious", CxIcons.Medium.MALICIOUS);
[ERROR] 	                                        ^^^^^^^
[ERROR] CxIcons cannot be resolved to a variable
[ERROR] C:\Project\ast-eclipse-plugin\devassist-lib\src\com\checkmarx\eclipse\devassist\ui\findings\ignore\DevAssistIgnoredFindings.java:[47] 
[ERROR] 	"medium", CxIcons.Medium.MEDIUM, "low", CxIcons.Medium.LOW, "malicious", CxIcons.Medium.MALICIOUS);
[ERROR] 	                                                                         ^^^^^^^
[ERROR] CxIcons cannot be resolved to a variable
[ERROR] C:\Project\ast-eclipse-plugin\devassist-lib\src\com\checkmarx\eclipse\devassist\ui\findings\ignore\DevAssistIgnoredFindings.java:[49] 
[ERROR] 	private static final Map<ScanEngine, Icon> ENGINE_CHIP_ICONS = Map.of(
[ERROR] 	                         ^^^^^^^^^^
[ERROR] ScanEngine cannot be resolved to a type
[ERROR] C:\Project\ast-eclipse-plugin\devassist-lib\src\com\checkmarx\eclipse\devassist\ui\findings\ignore\DevAssistIgnoredFindings.java:[50] 
[ERROR] 	ScanEngine.SECRETS, CxIcons.Ignored.ENGINE_CHIP_SECRETS, ScanEngine.IAC, CxIcons.Ignored.ENGINE_CHIP_IAC,
[ERROR] 	^^^^^^^^^^
[ERROR] ScanEngine cannot be resolved to a variable
[ERROR] C:\Project\ast-eclipse-plugin\devassist-lib\src\com\checkmarx\eclipse\devassist\ui\findings\ignore\DevAssistIgnoredFindings.java:[50] 
[ERROR] 	ScanEngine.SECRETS, CxIcons.Ignored.ENGINE_CHIP_SECRETS, ScanEngine.IAC, CxIcons.Ignored.ENGINE_CHIP_IAC,
[ERROR] 	                    ^^^^^^^
[ERROR] CxIcons cannot be resolved to a variable
[ERROR] C:\Project\ast-eclipse-plugin\devassist-lib\src\com\checkmarx\eclipse\devassist\ui\findings\ignore\DevAssistIgnoredFindings.java:[50] 
[ERROR] 	ScanEngine.SECRETS, CxIcons.Ignored.ENGINE_CHIP_SECRETS, ScanEngine.IAC, CxIcons.Ignored.ENGINE_CHIP_IAC,
[ERROR] 	                                                         ^^^^^^^^^^
[ERROR] ScanEngine cannot be resolved to a variable
[ERROR] C:\Project\ast-eclipse-plugin\devassist-lib\src\com\checkmarx\eclipse\devassist\ui\findings\ignore\DevAssistIgnoredFindings.java:[50] 
[ERROR] 	ScanEngine.SECRETS, CxIcons.Ignored.ENGINE_CHIP_SECRETS, ScanEngine.IAC, CxIcons.Ignored.ENGINE_CHIP_IAC,
[ERROR] 	                                                                         ^^^^^^^
[ERROR] CxIcons cannot be resolved to a variable
[ERROR] C:\Project\ast-eclipse-plugin\devassist-lib\src\com\checkmarx\eclipse\devassist\ui\findings\ignore\DevAssistIgnoredFindings.java:[51] 
[ERROR] 	ScanEngine.ASCA, CxIcons.Ignored.ENGINE_CHIP_SAST, ScanEngine.CONTAINERS, CxIcons.Ignored.ENGINE_CHIP_CONTAINERS,
[ERROR] 	^^^^^^^^^^
[ERROR] ScanEngine cannot be resolved to a variable
[ERROR] C:\Project\ast-eclipse-plugin\devassist-lib\src\com\checkmarx\eclipse\devassist\ui\findings\ignore\DevAssistIgnoredFindings.java:[51] 
[ERROR] 	ScanEngine.ASCA, CxIcons.Ignored.ENGINE_CHIP_SAST, ScanEngine.CONTAINERS, CxIcons.Ignored.ENGINE_CHIP_CONTAINERS,
[ERROR] 	                 ^^^^^^^
[ERROR] CxIcons cannot be resolved to a variable
[ERROR] C:\Project\ast-eclipse-plugin\devassist-lib\src\com\checkmarx\eclipse\devassist\ui\findings\ignore\DevAssistIgnoredFindings.java:[51] 
[ERROR] 	ScanEngine.ASCA, CxIcons.Ignored.ENGINE_CHIP_SAST, ScanEngine.CONTAINERS, CxIcons.Ignored.ENGINE_CHIP_CONTAINERS,
[ERROR] 	                                                   ^^^^^^^^^^
[ERROR] ScanEngine cannot be resolved to a variable
[ERROR] C:\Project\ast-eclipse-plugin\devassist-lib\src\com\checkmarx\eclipse\devassist\ui\findings\ignore\DevAssistIgnoredFindings.java:[51] 
[ERROR] 	ScanEngine.ASCA, CxIcons.Ignored.ENGINE_CHIP_SAST, ScanEngine.CONTAINERS, CxIcons.Ignored.ENGINE_CHIP_CONTAINERS,
[ERROR] 	                                                                          ^^^^^^^
[ERROR] CxIcons cannot be resolved to a variable
[ERROR] C:\Project\ast-eclipse-plugin\devassist-lib\src\com\checkmarx\eclipse\devassist\ui\findings\ignore\DevAssistIgnoredFindings.java:[52] 
[ERROR] 	ScanEngine.OSS, CxIcons.Ignored.ENGINE_CHIP_SCA);
[ERROR] 	^^^^^^^^^^
[ERROR] ScanEngine cannot be resolved to a variable
[ERROR] C:\Project\ast-eclipse-plugin\devassist-lib\src\com\checkmarx\eclipse\devassist\ui\findings\ignore\DevAssistIgnoredFindings.java:[52] 
[ERROR] 	ScanEngine.OSS, CxIcons.Ignored.ENGINE_CHIP_SCA);
[ERROR] 	                ^^^^^^^
[ERROR] CxIcons cannot be resolved to a variable
[ERROR] C:\Project\ast-eclipse-plugin\devassist-lib\src\com\checkmarx\eclipse\devassist\ui\findings\ignore\DevAssistIgnoredFindings.java:[55] 
[ERROR] 	public static final Topic<IgnoredCountListener> IGNORED_COUNT_TOPIC =
[ERROR] 	                    ^^^^^
[ERROR] Topic cannot be resolved to a type
[ERROR] C:\Project\ast-eclipse-plugin\devassist-lib\src\com\checkmarx\eclipse\devassist\ui\findings\ignore\DevAssistIgnoredFindings.java:[56] 
[ERROR] 	Topic.create("Ignored Findings Count Changed", IgnoredCountListener.class);
[ERROR] 	^^^^^
[ERROR] Topic cannot be resolved
[ERROR] C:\Project\ast-eclipse-plugin\devassist-lib\src\com\checkmarx\eclipse\devassist\ui\findings\ignore\DevAssistIgnoredFindings.java:[67] 
[ERROR] 	private final Project project;
[ERROR] 	              ^^^^^^^
[ERROR] Project cannot be resolved to a type
[ERROR] C:\Project\ast-eclipse-plugin\devassist-lib\src\com\checkmarx\eclipse\devassist\ui\findings\ignore\DevAssistIgnoredFindings.java:[68] 
[ERROR] 	private final Content content;
[ERROR] 	              ^^^^^^^
[ERROR] Content cannot be resolved to a type
[ERROR] C:\Project\ast-eclipse-plugin\devassist-lib\src\com\checkmarx\eclipse\devassist\ui\findings\ignore\DevAssistIgnoredFindings.java:[76] 
[ERROR] 	private List<IgnoreEntry> allEntries = new ArrayList<>();
[ERROR] 	             ^^^^^^^^^^^
[ERROR] IgnoreEntry cannot be resolved to a type
[ERROR] C:\Project\ast-eclipse-plugin\devassist-lib\src\com\checkmarx\eclipse\devassist\ui\findings\ignore\DevAssistIgnoredFindings.java:[76] 
[ERROR] 	private List<IgnoreEntry> allEntries = new ArrayList<>();
[ERROR] 	                                       ^^^^^^^^^^^^^^^^^
[ERROR] Cannot infer type arguments for ArrayList<>
[ERROR] C:\Project\ast-eclipse-plugin\devassist-lib\src\com\checkmarx\eclipse\devassist\ui\findings\ignore\DevAssistIgnoredFindings.java:[85] 
[ERROR] 	public DevAssistIgnoredFindings(Project project, Content content) {
[ERROR] 	                                ^^^^^^^
[ERROR] Project cannot be resolved to a type
[ERROR] C:\Project\ast-eclipse-plugin\devassist-lib\src\com\checkmarx\eclipse\devassist\ui\findings\ignore\DevAssistIgnoredFindings.java:[98] 
[ERROR] 	var projectBus = project.getMessageBus().connect(this);
[ERROR] 	                 ^^^^^^^
[ERROR] Project cannot be resolved to a type
[ERROR] C:\Project\ast-eclipse-plugin\devassist-lib\src\com\checkmarx\eclipse\devassist\ui\findings\ignore\DevAssistIgnoredFindings.java:[131] 
[ERROR] 	Disposer.register(this, smartRefreshTimer::stop);
[ERROR] 	^^^^^^^^
[ERROR] Disposer cannot be resolved
[ERROR] C:\Project\ast-eclipse-plugin\devassist-lib\src\com\checkmarx\eclipse\devassist\ui\findings\ignore\DevAssistIgnoredFindings.java:[142] 
[ERROR] 	LOGGER.warn("Error initializing file modification time", e);
[ERROR] 	^^^^^^
[ERROR] Logger cannot be resolved to a type
[ERROR] C:\Project\ast-eclipse-plugin\devassist-lib\src\com\checkmarx\eclipse\devassist\ui\findings\ignore\DevAssistIgnoredFindings.java:[147] 
[ERROR] 	ApplicationManager.getApplication().invokeLater(this::applyFiltersAndRefresh);
[ERROR] 	^^^^^^^^^^^^^^^^^^
[ERROR] ApplicationManager cannot be resolved
[ERROR] C:\Project\ast-eclipse-plugin\devassist-lib\src\com\checkmarx\eclipse\devassist\ui\findings\ignore\DevAssistIgnoredFindings.java:[152] 
[ERROR] 	if (!Utils.isAuthenticated()) {
[ERROR] 	     ^^^^^
[ERROR] Utils cannot be resolved
[ERROR] C:\Project\ast-eclipse-plugin\devassist-lib\src\com\checkmarx\eclipse\devassist\ui\findings\ignore\DevAssistIgnoredFindings.java:[180] 
[ERROR] 	String basePath = project.getBasePath();
[ERROR] 	                  ^^^^^^^
[ERROR] Project cannot be resolved to a type
[ERROR] C:\Project\ast-eclipse-plugin\devassist-lib\src\com\checkmarx\eclipse\devassist\ui\findings\ignore\DevAssistIgnoredFindings.java:[187] 
[ERROR] 	ApplicationManager.getApplication().invokeLater(() -> {
[ERROR] 	^^^^^^^^^^^^^^^^^^
[ERROR] ApplicationManager cannot be resolved
[ERROR] C:\Project\ast-eclipse-plugin\devassist-lib\src\com\checkmarx\eclipse\devassist\ui\findings\ignore\DevAssistIgnoredFindings.java:[198] 
[ERROR] 	if (!Utils.isAuthenticated()) return;
[ERROR] 	     ^^^^^
[ERROR] Utils cannot be resolved
[ERROR] C:\Project\ast-eclipse-plugin\devassist-lib\src\com\checkmarx\eclipse\devassist\ui\findings\ignore\DevAssistIgnoredFindings.java:[232] 
[ERROR] 	removeAll();
[ERROR] 	^^^^^^^^^
[ERROR] The method removeAll() is undefined for the type DevAssistIgnoredFindings
[ERROR] C:\Project\ast-eclipse-plugin\devassist-lib\src\com\checkmarx\eclipse\devassist\ui\findings\ignore\DevAssistIgnoredFindings.java:[246] 
[ERROR] 	LOGGER.info("drawPromotionalPanel: Drawing full-screen promotional panel");
[ERROR] 	^^^^^^
[ERROR] Logger cannot be resolved to a type
[ERROR] C:\Project\ast-eclipse-plugin\devassist-lib\src\com\checkmarx\eclipse\devassist\ui\findings\ignore\DevAssistIgnoredFindings.java:[275] 
[ERROR] 	removeAll();
[ERROR] 	^^^^^^^^^
[ERROR] The method removeAll() is undefined for the type DevAssistIgnoredFindings
[ERROR] C:\Project\ast-eclipse-plugin\devassist-lib\src\com\checkmarx\eclipse\devassist\ui\findings\ignore\DevAssistIgnoredFindings.java:[306] 
[ERROR] 	setContent(createEmptyMessagePanel(Bundle.message(Resource.IGNORED_NO_FINDINGS)));
[ERROR] 	                                   ^^^^^^
[ERROR] Bundle cannot be resolved
[ERROR] C:\Project\ast-eclipse-plugin\devassist-lib\src\com\checkmarx\eclipse\devassist\ui\findings\ignore\DevAssistIgnoredFindings.java:[316] 
[ERROR] 	panel.setBackground(JBUI.CurrentTheme.ToolWindow.background());
[ERROR] 	                    ^^^^
[ERROR] JBUI cannot be resolved
[ERROR] C:\Project\ast-eclipse-plugin\devassist-lib\src\com\checkmarx\eclipse\devassist\ui\findings\ignore\DevAssistIgnoredFindings.java:[329] 
[ERROR] 	private ActionToolbar createActionToolbar() {
[ERROR] 	        ^^^^^^^^^^^^^
[ERROR] ActionToolbar cannot be resolved to a type
[ERROR] C:\Project\ast-eclipse-plugin\devassist-lib\src\com\checkmarx\eclipse\devassist\ui\findings\ignore\DevAssistIgnoredFindings.java:[352] 
[ERROR] 	if (!Utils.isAuthenticated()) return;
[ERROR] 	     ^^^^^
[ERROR] Utils cannot be resolved
[ERROR] C:\Project\ast-eclipse-plugin\devassist-lib\src\com\checkmarx\eclipse\devassist\ui\findings\ignore\DevAssistIgnoredFindings.java:[368] 
[ERROR] 	private boolean matchesSeverityFilter(IgnoreEntry entry, Set<Filterable> filters) {
[ERROR] 	                                      ^^^^^^^^^^^
[ERROR] IgnoreEntry cannot be resolved to a type
[ERROR] C:\Project\ast-eclipse-plugin\devassist-lib\src\com\checkmarx\eclipse\devassist\ui\findings\ignore\DevAssistIgnoredFindings.java:[373] 
[ERROR] 	private boolean matchesTypeFilter(IgnoreEntry entry, Set<ScanEngine> filters, boolean hasFilters) {
[ERROR] 	                                  ^^^^^^^^^^^
[ERROR] IgnoreEntry cannot be resolved to a type
[ERROR] C:\Project\ast-eclipse-plugin\devassist-lib\src\com\checkmarx\eclipse\devassist\ui\findings\ignore\DevAssistIgnoredFindings.java:[378] 
[ERROR] 	private void sortEntries(List<IgnoreEntry> entries) {
[ERROR] 	                              ^^^^^^^^^^^
[ERROR] IgnoreEntry cannot be resolved to a type
[ERROR] C:\Project\ast-eclipse-plugin\devassist-lib\src\com\checkmarx\eclipse\devassist\ui\findings\ignore\DevAssistIgnoredFindings.java:[420] 
[ERROR] 	private void displayFilteredEntries(List<IgnoreEntry> entries) {
[ERROR] 	                                         ^^^^^^^^^^^
[ERROR] IgnoreEntry cannot be resolved to a type
[ERROR] C:\Project\ast-eclipse-plugin\devassist-lib\src\com\checkmarx\eclipse\devassist\ui\findings\ignore\DevAssistIgnoredFindings.java:[445] 
[ERROR] 	headerPanel.setBackground(JBUI.CurrentTheme.ToolWindow.background());
[ERROR] 	                          ^^^^
[ERROR] JBUI cannot be resolved
[ERROR] C:\Project\ast-eclipse-plugin\devassist-lib\src\com\checkmarx\eclipse\devassist\ui\findings\ignore\DevAssistIgnoredFindings.java:[481] 
[ERROR] 	bar.setBackground(JBUI.CurrentTheme.ToolWindow.background());
[ERROR] 	                  ^^^^
[ERROR] JBUI cannot be resolved
[ERROR] C:\Project\ast-eclipse-plugin\devassist-lib\src\com\checkmarx\eclipse\devassist\ui\findings\ignore\DevAssistIgnoredFindings.java:[497] 
[ERROR] 	g.setColor(DIVIDER_COLOR);
[ERROR] 	           ^^^^^^^^^^^^^
[ERROR] JBColor cannot be resolved to a type
[ERROR] C:\Project\ast-eclipse-plugin\devassist-lib\src\com\checkmarx\eclipse\devassist\ui\findings\ignore\DevAssistIgnoredFindings.java:[547] 
[ERROR] 	List<IgnoreEntry> selectedEntries = entryPanels.stream()
[ERROR] 	     ^^^^^^^^^^^
[ERROR] IgnoreEntry cannot be resolved to a type
[ERROR] C:\Project\ast-eclipse-plugin\devassist-lib\src\com\checkmarx\eclipse\devassist\ui\findings\ignore\DevAssistIgnoredFindings.java:[549] 
[ERROR] 	.map(panel -> panel.entry)  // Extract IgnoreEntry from each panel
[ERROR] 	              ^^^^^^^^^^^
[ERROR] IgnoreEntry cannot be resolved to a type
[ERROR] C:\Project\ast-eclipse-plugin\devassist-lib\src\com\checkmarx\eclipse\devassist\ui\findings\ignore\DevAssistIgnoredFindings.java:[601] 
[ERROR] 	Dimension size = new Dimension(JBUI.scale(width), JBUI.scale(HEADER_ROW_HEIGHT));
[ERROR] 	                               ^^^^
[ERROR] JBUI cannot be resolved
[ERROR] C:\Project\ast-eclipse-plugin\devassist-lib\src\com\checkmarx\eclipse\devassist\ui\findings\ignore\DevAssistIgnoredFindings.java:[613] 
[ERROR] 	JPanel panel = new JPanel(new FlowLayout(FlowLayout.LEFT, JBUI.scale(20), 0));
[ERROR] 	                                                          ^^^^
[ERROR] JBUI cannot be resolved
[ERROR] C:\Project\ast-eclipse-plugin\devassist-lib\src\com\checkmarx\eclipse\devassist\ui\findings\ignore\DevAssistIgnoredFindings.java:[631] 
[ERROR] 	panel.setMinimumSize(new Dimension(JBUI.scale(120), JBUI.scale(HEADER_ROW_HEIGHT)));
[ERROR] 	                                   ^^^^
[ERROR] JBUI cannot be resolved
[ERROR] C:\Project\ast-eclipse-plugin\devassist-lib\src\com\checkmarx\eclipse\devassist\ui\findings\ignore\DevAssistIgnoredFindings.java:[645] 
[ERROR] 	if (!Utils.isAuthenticated()) return;
[ERROR] 	     ^^^^^
[ERROR] Utils cannot be resolved
[ERROR] C:\Project\ast-eclipse-plugin\devassist-lib\src\com\checkmarx\eclipse\devassist\ui\findings\ignore\DevAssistIgnoredFindings.java:[695] 
[ERROR] 	if (content != null) {
[ERROR] 	    ^^^^^^^
[ERROR] Content cannot be resolved to a type
[ERROR] C:\Project\ast-eclipse-plugin\devassist-lib\src\com\checkmarx\eclipse\devassist\ui\findings\ignore\DevAssistIgnoredFindings.java:[705] 
[ERROR] 	public void dispose() {
[ERROR] 	            ^^^^^^^^^
[ERROR] The method dispose() of type DevAssistIgnoredFindings must override or implement a supertype method
[ERROR] C:\Project\ast-eclipse-plugin\devassist-lib\src\com\checkmarx\eclipse\devassist\ui\findings\ignore\DevAssistIgnoredFindings.java:[713] 
[ERROR] 	private final IgnoreEntry entry;
[ERROR] 	              ^^^^^^^^^^^
[ERROR] IgnoreEntry cannot be resolved to a type
[ERROR] C:\Project\ast-eclipse-plugin\devassist-lib\src\com\checkmarx\eclipse\devassist\ui\findings\ignore\DevAssistIgnoredFindings.java:[716] 
[ERROR] 	IgnoredEntryPanel(IgnoreEntry entry) {
[ERROR] 	                  ^^^^^^^^^^^
[ERROR] IgnoreEntry cannot be resolved to a type
[ERROR] C:\Project\ast-eclipse-plugin\devassist-lib\src\com\checkmarx\eclipse\devassist\ui\findings\ignore\DevAssistIgnoredFindings.java:[745] 
[ERROR] 	row.add(Box.createRigidArea(new Dimension(JBUI.scale(12), 0)));
[ERROR] 	                                          ^^^^
[ERROR] JBUI cannot be resolved
[ERROR] C:\Project\ast-eclipse-plugin\devassist-lib\src\com\checkmarx\eclipse\devassist\ui\findings\ignore\DevAssistIgnoredFindings.java:[773] 
[ERROR] 	return new Dimension(JBUI.scale(500), contentPref.height);
[ERROR] 	                     ^^^^
[ERROR] JBUI cannot be resolved
[ERROR] C:\Project\ast-eclipse-plugin\devassist-lib\src\com\checkmarx\eclipse\devassist\ui\findings\ignore\DevAssistIgnoredFindings.java:[780] 
[ERROR] 	return new Dimension(JBUI.scale(400), contentMin.height);
[ERROR] 	                     ^^^^
[ERROR] JBUI cannot be resolved
[ERROR] C:\Project\ast-eclipse-plugin\devassist-lib\src\com\checkmarx\eclipse\devassist\ui\findings\ignore\DevAssistIgnoredFindings.java:[799] 
[ERROR] 	JLabel label = new JLabel(formatRelativeDate(entry.dateAdded));
[ERROR] 	                                             ^^^^^
[ERROR] IgnoreEntry cannot be resolved to a type
[ERROR] C:\Project\ast-eclipse-plugin\devassist-lib\src\com\checkmarx\eclipse\devassist\ui\findings\ignore\DevAssistIgnoredFindings.java:[835] 
[ERROR] 	Dimension size = new Dimension(Integer.MAX_VALUE, JBUI.scale(TOP_LINE_HEIGHT));
[ERROR] 	                                                  ^^^^
[ERROR] JBUI cannot be resolved
[ERROR] C:\Project\ast-eclipse-plugin\devassist-lib\src\com\checkmarx\eclipse\devassist\ui\findings\ignore\DevAssistIgnoredFindings.java:[846] 
[ERROR] 	JPanel wrapper = new JPanel(new FlowLayout(FlowLayout.CENTER, 0, JBUI.scale(2)));
[ERROR] 	                                                                 ^^^^
[ERROR] JBUI cannot be resolved
[ERROR] C:\Project\ast-eclipse-plugin\devassist-lib\src\com\checkmarx\eclipse\devassist\ui\findings\ignore\DevAssistIgnoredFindings.java:[859] 
[ERROR] 	JButton btn = new JButton(CxIcons.Ignored.REVIVE);
[ERROR] 	                          ^^^^^^^
[ERROR] CxIcons cannot be resolved to a variable
[ERROR] C:\Project\ast-eclipse-plugin\devassist-lib\src\com\checkmarx\eclipse\devassist\ui\findings\ignore\DevAssistIgnoredFindings.java:[866] 
[ERROR] 	LOGGER.info("Revive clicked for: " + (entry.packageName != null ? entry.packageName : "unknown"));
[ERROR] 	^^^^^^
[ERROR] Logger cannot be resolved to a type
[ERROR] C:\Project\ast-eclipse-plugin\devassist-lib\src\com\checkmarx\eclipse\devassist\ui\findings\ignore\DevAssistIgnoredFindings.java:[866] 
[ERROR] 	LOGGER.info("Revive clicked for: " + (entry.packageName != null ? entry.packageName : "unknown"));
[ERROR] 	                                      ^^^^^
[ERROR] IgnoreEntry cannot be resolved to a type
[ERROR] C:\Project\ast-eclipse-plugin\devassist-lib\src\com\checkmarx\eclipse\devassist\ui\findings\ignore\DevAssistIgnoredFindings.java:[866] 
[ERROR] 	LOGGER.info("Revive clicked for: " + (entry.packageName != null ? entry.packageName : "unknown"));
[ERROR] 	                                                                  ^^^^^
[ERROR] IgnoreEntry cannot be resolved to a type
[ERROR] C:\Project\ast-eclipse-plugin\devassist-lib\src\com\checkmarx\eclipse\devassist\ui\findings\ignore\DevAssistIgnoredFindings.java:[867] 
[ERROR] 	new IgnoreManager(project).reviveSingleEntry(entry);
[ERROR] 	    ^^^^^^^^^^^^^
[ERROR] IgnoreManager cannot be resolved to a type
[ERROR] C:\Project\ast-eclipse-plugin\devassist-lib\src\com\checkmarx\eclipse\devassist\ui\findings\ignore\DevAssistIgnoredFindings.java:[867] 
[ERROR] 	new IgnoreManager(project).reviveSingleEntry(entry);
[ERROR] 	                  ^^^^^^^
[ERROR] Project cannot be resolved to a type
[ERROR] C:\Project\ast-eclipse-plugin\devassist-lib\src\com\checkmarx\eclipse\devassist\ui\findings\ignore\DevAssistIgnoredFindings.java:[867] 
[ERROR] 	new IgnoreManager(project).reviveSingleEntry(entry);
[ERROR] 	                                             ^^^^^
[ERROR] IgnoreEntry cannot be resolved to a type
[ERROR] C:\Project\ast-eclipse-plugin\devassist-lib\src\com\checkmarx\eclipse\devassist\ui\findings\ignore\DevAssistIgnoredFindings.java:[896] 
[ERROR] 	JPanel topLine = new JPanel(new FlowLayout(FlowLayout.LEFT, JBUI.scale(8), JBUI.scale(4)));
[ERROR] 	                                                            ^^^^
[ERROR] JBUI cannot be resolved
[ERROR] C:\Project\ast-eclipse-plugin\devassist-lib\src\com\checkmarx\eclipse\devassist\ui\findings\ignore\DevAssistIgnoredFindings.java:[944] 
[ERROR] 	c.setPreferredSize(new Dimension(Integer.MAX_VALUE, JBUI.scale(height)));
[ERROR] 	                                                    ^^^^
[ERROR] JBUI cannot be resolved
[ERROR] C:\Project\ast-eclipse-plugin\devassist-lib\src\com\checkmarx\eclipse\devassist\ui\findings\ignore\DevAssistIgnoredFindings.java:[1027] 
[ERROR] 	if (entry.type == ScanEngine.OSS && "MALICIOUS".equalsIgnoreCase(entry.severity)) {
[ERROR] 	    ^^^^^
[ERROR] IgnoreEntry cannot be resolved to a type
[ERROR] C:\Project\ast-eclipse-plugin\devassist-lib\src\com\checkmarx\eclipse\devassist\ui\findings\ignore\DevAssistIgnoredFindings.java:[1038] 
[ERROR] 	if (entry.severity == null) return CxIcons.Small.UNKNOWN;
[ERROR] 	    ^^^^^
[ERROR] IgnoreEntry cannot be resolved to a type
[ERROR] C:\Project\ast-eclipse-plugin\devassist-lib\src\com\checkmarx\eclipse\devassist\ui\findings\ignore\DevAssistIgnoredFindings.java:[1043] 
[ERROR] 	String sev = entry.severity != null ? entry.severity.toLowerCase() : "medium";
[ERROR] 	             ^^^^^
[ERROR] IgnoreEntry cannot be resolved to a type
[ERROR] C:\Project\ast-eclipse-plugin\devassist-lib\src\com\checkmarx\eclipse\devassist\ui\findings\ignore\DevAssistIgnoredFindings.java:[1079] 
[ERROR] 	return ENGINE_CHIP_ICONS.getOrDefault(entry.type, CxIcons.Ignored.ENGINE_CHIP_SCA);
[ERROR] 	       ^^^^^^^^^^^^^^^^^
[ERROR] ScanEngine cannot be resolved to a type
[ERROR] C:\Project\ast-eclipse-plugin\devassist-lib\src\com\checkmarx\eclipse\devassist\ui\findings\ignore\DevAssistIgnoredFindings.java:[1092] 
[ERROR] 	List<IgnoreEntry.FileReference> activeFiles = entry.files != null
[ERROR] 	     ^^^^^^^^^^^
[ERROR] IgnoreEntry cannot be resolved to a type
[ERROR] C:\Project\ast-eclipse-plugin\devassist-lib\src\com\checkmarx\eclipse\devassist\ui\findings\ignore\DevAssistIgnoredFindings.java:[1147] 
[ERROR] 	private JButton createFileButton(IgnoreEntry.FileReference file) {
[ERROR] 	                                 ^^^^^^^^^^^
[ERROR] IgnoreEntry cannot be resolved to a type
[ERROR] C:\Project\ast-eclipse-plugin\devassist-lib\src\com\checkmarx\eclipse\devassist\ui\findings\ignore\DevAssistIgnoredFindings.java:[1166] 
[ERROR] 	g2.setColor(PILL_BG);
[ERROR] 	            ^^^^^^^
[ERROR] JBColor cannot be resolved to a type
[ERROR] C:\Project\ast-eclipse-plugin\devassist-lib\src\com\checkmarx\eclipse\devassist\ui\findings\ignore\DevAssistIgnoredFindings.java:[1177] 
[ERROR] 	return TEXT_COLOR;
[ERROR] 	       ^^^^^^^^^^
[ERROR] JBColor cannot be resolved to a type
[ERROR] C:\Project\ast-eclipse-plugin\devassist-lib\src\com\checkmarx\eclipse\devassist\ui\findings\ignore\DevAssistIgnoredFindings.java:[1181] 
[ERROR] 	btn.setIcon(CxIcons.Ignored.FILE_ICON);
[ERROR] 	            ^^^^^^^
[ERROR] CxIcons cannot be resolved to a variable
[ERROR] C:\Project\ast-eclipse-plugin\devassist-lib\src\com\checkmarx\eclipse\devassist\ui\findings\ignore\DevAssistIgnoredFindings.java:[1203] 
[ERROR] 	label.setForeground(LINK_COLOR);
[ERROR] 	                    ^^^^^^^^^^
[ERROR] JBColor cannot be resolved to a type
[ERROR] C:\Project\ast-eclipse-plugin\devassist-lib\src\com\checkmarx\eclipse\devassist\ui\findings\ignore\DevAssistIgnoredFindings.java:[1229] 
[ERROR] 	private void navigateToFile(IgnoreEntry.FileReference file) {
[ERROR] 	                            ^^^^^^^^^^^
[ERROR] IgnoreEntry cannot be resolved to a type
[ERROR] C:\Project\ast-eclipse-plugin\devassist-lib\src\com\checkmarx\eclipse\devassist\ui\findings\ignore\DevAssistIgnoredFindings.java:[1263] 
[ERROR] 	private VirtualFile resolveVirtualFile(String path) {
[ERROR] 	        ^^^^^^^^^^^
[ERROR] VirtualFile cannot be resolved to a type
[ERROR] C:\Project\ast-eclipse-plugin\devassist-lib\src\com\checkmarx\eclipse\devassist\ui\findings\ignore\DevAssistIgnoredFindings.java:[1279] 
[ERROR] 	private String formatFileLabel(IgnoreEntry.FileReference f) {
[ERROR] 	                               ^^^^^^^^^^^
[ERROR] IgnoreEntry cannot be resolved to a type
[ERROR] C:\Project\ast-eclipse-plugin\devassist-lib\src\com\checkmarx\eclipse\devassist\ui\findings\ignore\DevAssistIgnoredFindings.java:[1290] 
[ERROR] 	String name = entry.packageName != null ? entry.packageName : Bundle.message(Resource.IGNORED_UNKNOWN);
[ERROR] 	              ^^^^^
[ERROR] IgnoreEntry cannot be resolved to a type
[ERROR] C:\Project\ast-eclipse-plugin\devassist-lib\src\com\checkmarx\eclipse\devassist\ui\findings\ignore\DevAssistIgnoredFindings.java:[1305] 
[ERROR] 	if (isoDate == null || isoDate.isEmpty()) return Bundle.message(Resource.IGNORED_UNKNOWN);
[ERROR] 	                                                 ^^^^^^
[ERROR] Bundle cannot be resolved
[ERROR] C:\Project\ast-eclipse-plugin\devassist-lib\src\com\checkmarx\eclipse\devassist\ui\findings\ignore\DevAssistIgnoredFindings.java:[1328] 
[ERROR] 	int dynamicHeight = JBUI.scale(getCalculatedRowHeight());
[ERROR] 	                    ^^^^
[ERROR] JBUI cannot be resolved
[ERROR] C:\Project\ast-eclipse-plugin\devassist-lib\src\com\checkmarx\eclipse\devassist\ui\findings\resolution\IgnoreVulnerabilityResolution.java:[9] 
[ERROR] 	import com.checkmarx.eclipse.devassist.ui.findings.ignore.IgnoredProblemsStore;
[ERROR] 	       ^^^^^^^^^^^^^^^^^^^^^^^^^^^^^^^^^^^^^^^^^^^^^^^^^^^^^^^^^^^^^^^^^^^^^^^
[ERROR] The import com.checkmarx.eclipse.devassist.ui.findings.ignore.IgnoredProblemsStore cannot be resolved
[ERROR] C:\Project\ast-eclipse-plugin\devassist-lib\src\com\checkmarx\eclipse\devassist\ui\findings\resolution\IgnoreVulnerabilityResolution.java:[50] 
[ERROR] 	IgnoredProblemsStore.getInstance().ignoreProblem(issue);
[ERROR] 	^^^^^^^^^^^^^^^^^^^^
[ERROR] IgnoredProblemsStore cannot be resolved
[ERROR] 264 problems (264 errors)
[ERROR] -> [Help 1]
[ERROR] 
[ERROR] To see the full stack trace of the errors, re-run Maven with the -e switch.
[ERROR] Re-run Maven using the -X switch to enable full debug logging.
[ERROR] 
[ERROR] For more information about the errors and possible solutions, please read the following articles:
[ERROR] [Help 1] http://cwiki.apache.org/confluence/display/MAVEN/MojoFailureException
[ERROR] 
[ERROR] After correcting the problems, you can resume the build with the command
[ERROR]   mvn <args> -rf :com.checkmarx.eclipse.devassist
